Archive member included because of file (symbol)

e:/devkitPro/libgba/lib\libfat.a(libfat.o)
                              main.o (fatMountSimple)
e:/devkitPro/libgba/lib\libfat.a(partition.o)
                              e:/devkitPro/libgba/lib\libfat.a(libfat.o) (_FAT_partition_constructor)
e:/devkitPro/libgba/lib\libfat.a(cache.o)
                              e:/devkitPro/libgba/lib\libfat.a(partition.o) (_FAT_cache_constructor)
e:/devkitPro/libgba/lib\libfat.a(directory.o)
                              e:/devkitPro/libgba/lib\libfat.a(libfat.o) (_FAT_directory_getVolumeLabel)
e:/devkitPro/libgba/lib\libfat.a(disc.o)
                              e:/devkitPro/libgba/lib\libfat.a(libfat.o) (_FAT_disc_interfaces)
e:/devkitPro/libgba/lib\libfat.a(fatdir.o)
                              e:/devkitPro/libgba/lib\libfat.a(libfat.o) (_FAT_stat_r)
e:/devkitPro/libgba/lib\libfat.a(fatfile.o)
                              e:/devkitPro/libgba/lib\libfat.a(libfat.o) (_FAT_open_r)
e:/devkitPro/libgba/lib\libfat.a(file_allocation_table.o)
                              e:/devkitPro/libgba/lib\libfat.a(directory.o) (_FAT_fat_nextCluster)
e:/devkitPro/libgba/lib\libfat.a(filetime.o)
                              e:/devkitPro/libgba/lib\libfat.a(fatdir.o) (_FAT_filetime_getTimeFromRTC)
e:/devkitPro/libgba/lib\libfat.a(lock.o)
                              e:/devkitPro/libgba/lib\libfat.a(partition.o) (_FAT_lock_init)
e:/devkitPro/libgba/lib\libgba.a(console.o)
                              main.o (consoleDemoInit)
e:/devkitPro/libgba/lib\libgba.a(input.o)
                              main.o (scanKeys)
e:/devkitPro/libgba/lib\libgba.a(interrupt.o)
                              main.o (irqInit)
e:/devkitPro/libgba/lib\libgba.a(disc.o)
                              e:/devkitPro/libgba/lib\libfat.a(disc.o) (discGetInterface)
e:/devkitPro/libgba/lib\libgba.a(io_m3cf.o)
                              e:/devkitPro/libgba/lib\libgba.a(disc.o) (_io_m3cf)
e:/devkitPro/libgba/lib\libgba.a(io_m3sd.o)
                              e:/devkitPro/libgba/lib\libgba.a(disc.o) (_io_m3sd)
e:/devkitPro/libgba/lib\libgba.a(io_mpcf.o)
                              e:/devkitPro/libgba/lib\libgba.a(disc.o) (_io_mpcf)
e:/devkitPro/libgba/lib\libgba.a(io_sccf.o)
                              e:/devkitPro/libgba/lib\libgba.a(disc.o) (_io_sccf)
e:/devkitPro/libgba/lib\libgba.a(io_scsd.o)
                              e:/devkitPro/libgba/lib\libgba.a(disc.o) (_io_scsd)
e:/devkitPro/libgba/lib\libgba.a(io_sd_common.o)
                              my_io_scsd.o (_SD_CRC7)
e:/devkitPro/libgba/lib\libgba.a(InterruptDispatcher.o)
                              e:/devkitPro/libgba/lib\libgba.a(interrupt.o) (IntrMain)
e:/devkitPro/libgba/lib\libgba.a(Reset.o)
                              main.o (SoftReset)
e:/devkitPro/libgba/lib\libgba.a(amiga.fnt.o)
                              e:/devkitPro/libgba/lib\libgba.a(console.o) (amiga_fnt_size)
e:/devkitPro/libgba/lib\libgba.a(CpuSet.o)
                              e:/devkitPro/libgba/lib\libgba.a(console.o) (CpuFastSet)
e:/devkitPro/libgba/lib\libgba.a(io_cf_common.o)
                              e:/devkitPro/libgba/lib\libgba.a(io_m3cf.o) (_CF_isInserted)
e:/devkitPro/libgba/lib\libgba.a(io_m3_common.o)
                              e:/devkitPro/libgba/lib\libgba.a(io_m3cf.o) (_M3_changeMode)
e:/devkitpro/devkitarm/bin/../lib/gcc/arm-eabi/4.7.0/thumb\libgcc.a(_thumb1_case_uqi.o)
                              main.o (__gnu_thumb1_case_uqi)
e:/devkitpro/devkitarm/bin/../lib/gcc/arm-eabi/4.7.0/thumb\libgcc.a(_udivsi3.o)
                              e:/devkitPro/libgba/lib\libfat.a(partition.o) (__aeabi_uidiv)
e:/devkitpro/devkitarm/bin/../lib/gcc/arm-eabi/4.7.0/thumb\libgcc.a(_divsi3.o)
                              e:/devkitPro/libgba/lib\libfat.a(directory.o) (__aeabi_idiv)
e:/devkitpro/devkitarm/bin/../lib/gcc/arm-eabi/4.7.0/thumb\libgcc.a(_dvmd_tls.o)
                              e:/devkitpro/devkitarm/bin/../lib/gcc/arm-eabi/4.7.0/thumb\libgcc.a(_udivsi3.o) (__aeabi_idiv0)
e:/devkitpro/devkitarm/bin/../lib/gcc/arm-eabi/4.7.0/thumb\libgcc.a(_muldi3.o)
                              e:/devkitPro/libgba/lib\libfat.a(partition.o) (__aeabi_lmul)
e:/devkitpro/devkitarm/bin/../lib/gcc/arm-eabi/4.7.0/../../../../arm-eabi/lib/thumb\libg.a(lib_a-ctype_.o)
                              e:/devkitPro/libgba/lib\libfat.a(directory.o) (__ctype_ptr__)
e:/devkitpro/devkitarm/bin/../lib/gcc/arm-eabi/4.7.0/../../../../arm-eabi/lib/thumb\libg.a(lib_a-fclose.o)
                              main.o (fclose)
e:/devkitpro/devkitarm/bin/../lib/gcc/arm-eabi/4.7.0/../../../../arm-eabi/lib/thumb\libg.a(lib_a-fflush.o)
                              e:/devkitpro/devkitarm/bin/../lib/gcc/arm-eabi/4.7.0/../../../../arm-eabi/lib/thumb\libg.a(lib_a-fclose.o) (_fflush_r)
e:/devkitpro/devkitarm/bin/../lib/gcc/arm-eabi/4.7.0/../../../../arm-eabi/lib/thumb\libg.a(lib_a-findfp.o)
[...]
Memory Configuration

Name             Origin             Length             Attributes
rom              0x08000000         0x02000000
iwram            0x03000000         0x00008000
ewram            0x02000000         0x00040000
*default*        0x00000000         0xffffffff

Linker script and memory map

                0x02000000                __text_start = ORIGIN (ewram)
                0x02040000                __eheap_end = (ORIGIN (ewram) + 0x40000)
                0x03000000                __iwram_start = ORIGIN (iwram)
                0x03008000                __iwram_top = (ORIGIN (iwram) + 0x8000)
                0x03007fa0                __sp_irq = (__iwram_top - 0x60)
                0x03007f00                __sp_usr = (__sp_irq - 0xa0)
                0x03007ff8                __irq_flags = 0x3007ff8
                0x02000000                . = __text_start

.init           0x02000000      0x21c
 *(.init)
 .init          0x02000000      0x210 e:/devkitpro/devkitarm/bin/../lib/gcc/arm-eabi/4.7.0/../../../../arm-eabi/lib/thumb/gba_crt0.o
                0x02000000                _start
                0x020000c4                __boot_method
                0x020000c5                __slave_number
                0x020000e0                start_vector
 .init          0x02000210        0x4 e:/devkitpro/devkitarm/bin/../lib/gcc/arm-eabi/4.7.0/thumb/crti.o
                0x02000210                _init
 .init          0x02000214        0x8 e:/devkitpro/devkitarm/bin/../lib/gcc/arm-eabi/4.7.0/thumb/crtn.o
                0x0200021c                . = ALIGN (0x4)

.plt            0x0200021c        0x0
 *(.plt)
                0x0200021c                . = ALIGN (0x4)

.text           0x0200021c    0x19424
 *(EXCLUDE_FILE(*.iwram*) .text)
 .text          0x0200021c        0x0 e:/devkitpro/devkitarm/bin/../lib/gcc/arm-eabi/4.7.0/../../../../arm-eabi/lib/thumb/gba_crt0.o
 .text          0x0200021c        0x0 e:/devkitpro/devkitarm/bin/../lib/gcc/arm-eabi/4.7.0/thumb/crti.o
 .text          0x0200021c       0xd0 e:/devkitpro/devkitarm/bin/../lib/gcc/arm-eabi/4.7.0/thumb/crtbegin.o
 .text          0x020002ec      0x2ac EepromSave.o
                0x020002ec                eeprom_patchV111
                0x02000348                eeprom_patchV120
                0x02000438                eeprom_patchV124
                0x02000538                eeprom_patchV126
 .text          0x02000598      0x3e4 FlashSave.o
                0x02000598                flash_patchV120
                0x02000618                flash_patchV123
                0x020006b8                flash_patch512V130
                0x02000810                flash_patch1MV102
                0x020008b4                flash_patch1MV103
 .text          0x0200097c      0x154 Save.o
                0x0200097c                save_findTag
                0x02000a24                twoByteCpy
 .text          0x02000ad0      0x92c WhiteScreenPatch.o
                0x02000ad0                patchGeneralWhiteScreen
                0x02000ba8                patchSpecificGame
 .text          0x020013fc       0xd4 find_common.o
                0x020013fc                memsearch32
                0x0200144c                memsearch16
                0x02001492                memsearch8
 .text          0x020014d0        0x0 irq_hook.o
 .text          0x020014d0      0xed8 main.o
                0x020014d4                filter_selectable
                0x02001588                filter_game
                0x02001600                filter_all
                0x02001618                sort_nickname
                0x0200162a                sort_folder_nickname
                0x02001654                tryAgain
                0x02001688                sc_mode
                0x020016b8                setLastPlayed
                0x020016ec                loadSram
                0x02001790                saveSram
                0x02001814                is_empty
                0x0200184c                resetPatch
                0x02001940                selectFile
                0x02002228                change_settings
                0x0200237c                has_reset_token
 .text          0x020023a8       0x18 my_io_sc_common.o
                0x020023a8                _SC_changeMode
 .text          0x020023c0      0x310 my_io_scsd.o
                0x020023c0                _SCSD_shutdown_my
                0x020023d0                _SCSD_unlock
                0x020023de                _SCSD_enable_lite
                0x020023ec                _SCSD_sendCommand
                0x02002460                _SCSD_getResponse
                0x020024d0                _SCSD_isInserted_my
                0x020024fe                _SCSD_cmd_17byte_response_my
                0x02002518                _SCSD_cmd_6byte_response_my
                0x02002532                _SCSD_sendClocks
                0x02002542                _SCSD_writeSectors_my
                0x020025f0                _SCSD_readSectors_my
                0x02002664                _SCSD_initCard
                0x020026b4                _SCSD_clearStatus_my
                0x020026c0                _SCSD_startUp_my
 .text          0x020026d0      0x288 my_io_sd_common.o
                0x020026d0                _SD_CRC7_my
                0x02002714                _SD_CRC16_my
                0x020027f4                _SD_InitCard_SDHC
 .text          0x02002958        0x0 overclock_ewram.o
 .text          0x02002958        0x0 my_io_scsd_s.o
 .text          0x02002958      0x2e0 e:/devkitPro/libgba/lib\libfat.a(libfat.o)
                0x02002958                fatMount
                0x02002a10                fatMountSimple
                0x02002a28                fatUnmount
                0x02002a64                fatInit
                0x02002b44                fatInitDefault
                0x02002b54                fatGetVolumeLabel
 .text          0x02002c38      0x798 e:/devkitPro/libgba/lib\libfat.a(partition.o)
                0x02002c38                FindFirstValidPartition_buf
                0x02002dec                FindFirstValidPartition
                0x02002e18                _FAT_partition_getPartitionFromPath
                0x02002e30                _FAT_partition_createFSinfo
                0x02002ef8                _FAT_partition_readFSinfo
                0x02002fc0                _FAT_partition_constructor_buf
                0x02003280                _FAT_partition_constructor
                0x020032c8                _FAT_partition_writeFSinfo
                0x02003388                _FAT_partition_destructor
 .text          0x020033d0      0x504 e:/devkitPro/libgba/lib\libfat.a(cache.o)
                0x020034d0                _FAT_cache_constructor
                0x02003570                _FAT_cache_readSectors
                0x020035d0                _FAT_cache_readPartialSector
                0x02003620                _FAT_cache_readLittleEndianValue
                0x02003684                _FAT_cache_writePartialSector
                0x020036e0                _FAT_cache_writeLittleEndianValue
                0x0200372c                _FAT_cache_eraseWritePartialSector
                0x02003798                _FAT_cache_writeSectors
                0x02003804                _FAT_cache_flush
                0x0200386c                _FAT_cache_destructor
                0x020038a4                _FAT_cache_invalidate
 .text          0x020038d4     0x13f4 e:/devkitPro/libgba/lib\libfat.a(directory.o)
                0x02003b5c                _FAT_directory_entryGetCluster
                0x02003b88                _FAT_directory_getNextEntry
                0x02003d74                _FAT_directory_getFirstEntry
                0x02003e2c                _FAT_directory_getRootEntry
                0x02003e8c                _FAT_directory_getVolumeLabel
                0x02003f40                _FAT_directory_entryFromPosition
                0x02004078                _FAT_directory_entryFromPath
                0x02004260                _FAT_directory_removeEntry
                0x02004338                _FAT_directory_addEntry
                0x02004bbc                _FAT_directory_chdir
                0x02004bfc                _FAT_directory_entryStat
 .text          0x02004cc8        0x0 e:/devkitPro/libgba/lib\libfat.a(disc.o)
 .text          0x02004cc8      0x92c e:/devkitPro/libgba/lib\libfat.a(fatdir.o)
                0x02004cc8                _FAT_stat_r
                0x02004d60                _FAT_link_r
                0x02004d6c                _FAT_unlink_r
                0x02004ee4                _FAT_chdir_r
                0x02004f58                _FAT_rename_r
                0x02005128                _FAT_mkdir_r
                0x020053a4                _FAT_statvfs_r
                0x02005434                _FAT_diropen_r
                0x020054f8                _FAT_dirreset_r
                0x02005548                _FAT_dirnext_r
                0x020055d0                _FAT_dirclose_r
 .text          0x020055f4     0x1314 e:/devkitPro/libgba/lib\libfat.a(fatfile.o)
                0x02005870                _FAT_findEntry
                0x020058b0                FAT_getAttr
                0x020058dc                FAT_setAttr
                0x02005900                _FAT_open_r
                0x02005c2c                _FAT_syncToDisc
                0x02005d10                _FAT_close_r
                0x02005d80                _FAT_read_r
                0x020060c8                _FAT_write_r
                0x0200655c                _FAT_seek_r
                0x020066b0                _FAT_fstat_r
                0x02006750                _FAT_ftruncate_r
                0x020068c4                _FAT_fsync_r
 .text          0x02006908      0x4d0 e:/devkitPro/libgba/lib\libfat.a(file_allocation_table.o)
                0x02006a5c                _FAT_fat_nextCluster
                0x02006b7c                _FAT_fat_linkFreeCluster
                0x02006c18                _FAT_fat_linkFreeClusterCleared
                0x02006c8c                _FAT_fat_clearLinks
                0x02006cec                _FAT_fat_trimChain
                0x02006d74                _FAT_fat_lastCluster
                0x02006dac                _FAT_fat_freeClusterCount
 .text          0x02006dd8       0x40 e:/devkitPro/libgba/lib\libfat.a(filetime.o)
                0x02006dd8                _FAT_filetime_getTimeFromRTC
                0x02006ddc                _FAT_filetime_getDateFromRTC
                0x02006de0                _FAT_filetime_to_time_t
 .text          0x02006e18       0x10 e:/devkitPro/libgba/lib\libfat.a(lock.o)
                0x02006e18                _FAT_lock_init
                0x02006e1c                _FAT_lock_deinit
                0x02006e20                _FAT_lock
                0x02006e24                _FAT_unlock
 .text          0x02006e28      0x628 e:/devkitPro/libgba/lib\libgba.a(console.o)
                0x02006e28                con_read
                0x02006e30                con_close
                0x02006e38                con_open
                0x02006e54                upcvt_4bit
                0x02006eb4                consoleCls
                0x02006ee4                consoleInit
                0x02006ffc                consolePrintChar
                0x020070e4                consoleDemoInit
                0x02007200                con_write
 .text          0x02007450      0x140 e:/devkitPro/libgba/lib\libgba.a(input.o)
                0x02007450                setRepeat
                0x02007464                scanKeys
                0x02007538                keysDownRepeat
                0x02007550                keysDown
                0x02007568                keysUp
                0x02007580                keysHeld
 .text          0x02007590      0x2b8 e:/devkitPro/libgba/lib\libgba.a(interrupt.o)
                0x02007590                dummy
                0x02007594                InitInterrupt
                0x020075f0                irqInit
                0x0200764c                SetInterrupt
                0x02007690                irqSet
                0x020076d4                irqEnable
                0x02007734                irqDisable
                0x02007790                EnableInterrupt
                0x020077ec                DisableInterrupt
 .text          0x02007848       0x60 e:/devkitPro/libgba/lib\libgba.a(disc.o)
                0x02007848                discGetInterface
 .text          0x020078a8       0x20 e:/devkitPro/libgba/lib\libgba.a(io_m3cf.o)
                0x020078a8                _M3CF_startup
 .text          0x020078c8      0xa28 e:/devkitPro/libgba/lib\libgba.a(io_m3sd.o)
                0x02007ac4                _M3SD_shutdown
                0x02007adc                _M3SD_writeSectors
                0x02007d88                _M3SD_startUp
                0x02007e98                _M3SD_cmd_6byte_response
                0x02007efc                _M3SD_cmd_17byte_response
                0x02007f60                _M3SD_isInserted
                0x02007fd8                _M3SD_readSectors
                0x020081ec                _M3SD_clearStatus
 .text          0x020082f0       0x14 e:/devkitPro/libgba/lib\libgba.a(io_mpcf.o)
                0x020082f0                _MPCF_startup
 .text          0x02008304       0x1c e:/devkitPro/libgba/lib\libgba.a(io_sccf.o)
                0x02008304                _SCCF_startup
 .text          0x02008320      0x9bc e:/devkitPro/libgba/lib\libgba.a(io_scsd.o)
                0x02008320                _SCSD_shutdown
                0x02008334                _SCSD_writeSectors
                0x02008574                _SCSD_cmd_6byte_response
                0x02008660                _SCSD_startUp
                0x02008724                _SCSD_isInserted
                0x0200880c                _SCSD_cmd_17byte_response
                0x020088f8                _SCSD_clearStatus
                0x020089b4                _SCSD_readSectors
 .text          0x02008cdc      0x314 e:/devkitPro/libgba/lib\libgba.a(io_sd_common.o)
                0x02008cdc                _SD_CRC7
                0x02008dc8                _SD_CRC16
                0x02008ed0                _SD_InitCard
 .text          0x02008ff0        0x0 e:/devkitPro/libgba/lib\libgba.a(InterruptDispatcher.o)
 .text          0x02008ff0       0x24 e:/devkitPro/libgba/lib\libgba.a(Reset.o)
                0x02008ff0                RegisterRamReset
                0x02008ff4                SoftReset
 .text          0x02009014        0x0 e:/devkitPro/libgba/lib\libgba.a(amiga.fnt.o)
 .text          0x02009014        0x8 e:/devkitPro/libgba/lib\libgba.a(CpuSet.o)
                0x02009014                CpuSet
                0x02009018                CpuFastSet
 .text          0x0200901c      0x398 e:/devkitPro/libgba/lib\libgba.a(io_cf_common.o)
                0x0200901c                _CF_isInserted
                0x02009038                _CF_clearStatus
                0x0200909c                _CF_readSectors
                0x020091c4                _CF_writeSectors
                0x02009308                _CF_startup
                0x02009350                _CF_shutdown
 .text          0x020093b4       0x74 e:/devkitPro/libgba/lib\libgba.a(io_m3_common.o)
                0x020093b4                _M3_changeMode
 .text          0x02009428       0x14 e:/devkitpro/devkitarm/bin/../lib/gcc/arm-eabi/4.7.0/thumb\libgcc.a(_thumb1_case_uqi.o)
                0x02009428                __gnu_thumb1_case_uqi
 .text          0x0200943c      0x11c e:/devkitpro/devkitarm/bin/../lib/gcc/arm-eabi/4.7.0/thumb\libgcc.a(_udivsi3.o)
                0x0200943c                __aeabi_uidiv
                0x0200943c                __udivsi3
                0x02009538                __aeabi_uidivmod
 .text          0x02009558      0x150 e:/devkitpro/devkitarm/bin/../lib/gcc/arm-eabi/4.7.0/thumb\libgcc.a(_divsi3.o)
                0x02009558                __divsi3
                0x02009558                __aeabi_idiv
                0x02009688                __aeabi_idivmod
 .text          0x020096a8        0x4 e:/devkitpro/devkitarm/bin/../lib/gcc/arm-eabi/4.7.0/thumb\libgcc.a(_dvmd_tls.o)
                0x020096a8                __aeabi_idiv0
                0x020096a8                __aeabi_ldiv0
 .text          0x020096ac       0x4c e:/devkitpro/devkitarm/bin/../lib/gcc/arm-eabi/4.7.0/thumb\libgcc.a(_muldi3.o)
                0x020096ac                __muldi3
                0x020096ac                __aeabi_lmul
 .text          0x020096f8       0x10 e:/devkitpro/devkitarm/bin/../lib/gcc/arm-eabi/4.7.0/../../../../arm-eabi/lib/thumb\libg.a(lib_a-ctype_.o)
                0x020096f8                __set_ctype
 .text          0x02009708       0xb0 e:/devkitpro/devkitarm/bin/../lib/gcc/arm-eabi/4.7.0/../../../../arm-eabi/lib/thumb\libg.a(lib_a-fclose.o)
                0x02009708                _fclose_r
                0x0200979c                fclose
 .text          0x020097b8      0x1b8 e:/devkitpro/devkitarm/bin/../lib/gcc/arm-eabi/4.7.0/../../../../arm-eabi/lib/thumb\libg.a(lib_a-fflush.o)
                0x020097b8                __sflush_r
                0x02009910                _fflush_r
                0x02009940                fflush
 .text          0x02009970      0x1d8 e:/devkitpro/devkitarm/bin/../lib/gcc/arm-eabi/4.7.0/../../../../arm-eabi/lib/thumb\libg.a(lib_a-findfp.o)
                0x02009978                _cleanup_r
                0x020099d8                __sfmoreglue
                0x02009a08                _cleanup
                0x02009a1c                __sinit
                0x02009a70                __sfp
                0x02009b00                __sfp_lock_acquire
                0x02009b04                __sfp_lock_release
                0x02009b08                __sinit_lock_acquire
                0x02009b0c                __sinit_lock_release
                0x02009b10                __fp_lock_all
                0x02009b2c                __fp_unlock_all
 .text          0x02009b48       0xa8 e:/devkitpro/devkitarm/bin/../lib/gcc/arm-eabi/4.7.0/../../../../arm-eabi/lib/thumb\libg.a(lib_a-fopen.o)
                0x02009b48                _fopen_r
                0x02009bd4                fopen
 .text          0x02009bf0      0x190 e:/devkitpro/devkitarm/bin/../lib/gcc/arm-eabi/4.7.0/../../../../arm-eabi/lib/thumb\libg.a(lib_a-fread.o)
                0x02009bf0                _fread_r
                0x02009d58                fread
 .text          0x02009d80      0x238 e:/devkitpro/devkitarm/bin/../lib/gcc/arm-eabi/4.7.0/../../../../arm-eabi/lib/thumb\libg.a(lib_a-freer.o)
                0x02009d80                _malloc_trim_r
                0x02009e24                _free_r
 .text          0x02009fb8      0x178 e:/devkitpro/devkitarm/bin/../lib/gcc/arm-eabi/4.7.0/../../../../arm-eabi/lib/thumb\libg.a(lib_a-freopen.o)
                0x02009fb8                _freopen_r
                0x0200a10c                freopen
 .text          0x0200a130      0x328 e:/devkitpro/devkitarm/bin/../lib/gcc/arm-eabi/4.7.0/../../../../arm-eabi/lib/thumb\libg.a(lib_a-fseek.o)
                0x0200a130                _fseek_r
                0x0200a434                fseek
 .text          0x0200a458       0x9c e:/devkitpro/devkitarm/bin/../lib/gcc/arm-eabi/4.7.0/../../../../arm-eabi/lib/thumb\libg.a(lib_a-ftell.o)
                0x0200a458                _ftell_r
                0x0200a4d8                ftell
 .text          0x0200a4f4       0xb4 e:/devkitpro/devkitarm/bin/../lib/gcc/arm-eabi/4.7.0/../../../../arm-eabi/lib/thumb\libg.a(lib_a-fwalk.o)
                0x0200a4f4                _fwalk
                0x0200a548                _fwalk_reent
 .text          0x0200a5a8       0x9c e:/devkitpro/devkitarm/bin/../lib/gcc/arm-eabi/4.7.0/../../../../arm-eabi/lib/thumb\libg.a(lib_a-fwrite.o)
                0x0200a5a8                _fwrite_r
                0x0200a61c                fwrite
 .text          0x0200a644        0x0 e:/devkitpro/devkitarm/bin/../lib/gcc/arm-eabi/4.7.0/../../../../arm-eabi/lib/thumb\libg.a(lib_a-impure.o)
 .text          0x0200a644       0x54 e:/devkitpro/devkitarm/bin/../lib/gcc/arm-eabi/4.7.0/../../../../arm-eabi/lib/thumb\libg.a(lib_a-init.o)
                0x0200a644                __libc_init_array
 .text          0x0200a698       0x40 e:/devkitpro/devkitarm/bin/../lib/gcc/arm-eabi/4.7.0/../../../../arm-eabi/lib/thumb\libg.a(lib_a-iprintf.o)
                0x0200a698                iprintf
                0x0200a6bc                _iprintf_r
 .text          0x0200a6d8      0x950 e:/devkitpro/devkitarm/bin/../lib/gcc/arm-eabi/4.7.0/../../../../arm-eabi/lib/thumb\libg.a(lib_a-locale.o)
                0x0200adcc                _setlocale_r
                0x0200afc8                __locale_charset
                0x0200afd0                __locale_mb_cur_max
                0x0200afdc                __locale_msgcharset
                0x0200afe8                __locale_cjk_lang
                0x0200aff4                _localeconv_r
                0x0200b000                setlocale
                0x0200b01c                localeconv
 .text          0x0200b028       0xe0 e:/devkitpro/devkitarm/bin/../lib/gcc/arm-eabi/4.7.0/../../../../arm-eabi/lib/thumb\libg.a(lib_a-makebuf.o)
                0x0200b028                __smakebuf_r
 .text          0x0200b108       0x30 e:/devkitpro/devkitarm/bin/../lib/gcc/arm-eabi/4.7.0/../../../../arm-eabi/lib/thumb\libg.a(lib_a-malloc.o)
                0x0200b108                malloc
                0x0200b120                free
 .text          0x0200b138      0x51c e:/devkitpro/devkitarm/bin/../lib/gcc/arm-eabi/4.7.0/../../../../arm-eabi/lib/thumb\libg.a(lib_a-mallocr.o)
                0x0200b138                _malloc_r
 .text          0x0200b654      0x104 e:/devkitpro/devkitarm/bin/../lib/gcc/arm-eabi/4.7.0/../../../../arm-eabi/lib/thumb\libg.a(lib_a-mbrtowc.o)
                0x0200b654                _mbrtowc_r
                0x0200b6cc                mbrtowc
 .text          0x0200b758       0x40 e:/devkitpro/devkitarm/bin/../lib/gcc/arm-eabi/4.7.0/../../../../arm-eabi/lib/thumb\libg.a(lib_a-mbsrtowcs.o)
                0x0200b758                _mbsrtowcs_r
                0x0200b770                mbsrtowcs
 .text          0x0200b798      0x584 e:/devkitpro/devkitarm/bin/../lib/gcc/arm-eabi/4.7.0/../../../../arm-eabi/lib/thumb\libg.a(lib_a-mbtowc_r.o)
                0x0200b798                __utf8_mbtowc
                0x0200b9f8                _mbtowc_r
                0x0200ba34                __ascii_mbtowc
                0x0200ba64                __sjis_mbtowc
                0x0200bb24                __eucjp_mbtowc
                0x0200bbec                __jis_mbtowc
 .text          0x0200bd1c       0x60 e:/devkitpro/devkitarm/bin/../lib/gcc/arm-eabi/4.7.0/../../../../arm-eabi/lib/thumb\libg.a(lib_a-memcmp.o)
                0x0200bd1c                memcmp
 .text          0x0200bd7c       0x90 e:/devkitpro/devkitarm/bin/../lib/gcc/arm-eabi/4.7.0/../../../../arm-eabi/lib/thumb\libg.a(lib_a-memcpy-stub.o)
                0x0200bd7c                memcpy
 .text          0x0200be0c       0xb0 e:/devkitpro/devkitarm/bin/../lib/gcc/arm-eabi/4.7.0/../../../../arm-eabi/lib/thumb\libg.a(lib_a-memmove.o)
                0x0200be0c                memmove
 .text          0x0200bebc       0x98 e:/devkitpro/devkitarm/bin/../lib/gcc/arm-eabi/4.7.0/../../../../arm-eabi/lib/thumb\libg.a(lib_a-memset.o)
                0x0200bebc                memset
 .text          0x0200bf54      0x508 e:/devkitpro/devkitarm/bin/../lib/gcc/arm-eabi/4.7.0/../../../../arm-eabi/lib/thumb\libg.a(lib_a-mktime.o)
                0x0200c128                mktime
 .text          0x0200c45c      0x498 e:/devkitpro/devkitarm/bin/../lib/gcc/arm-eabi/4.7.0/../../../../arm-eabi/lib/thumb\libg.a(lib_a-mktm_r.o)
                0x0200c45c                __tzcalc_limits
                0x0200c5f8                _mktm_r
 .text          0x0200c8f4        0x8 e:/devkitpro/devkitarm/bin/../lib/gcc/arm-eabi/4.7.0/../../../../arm-eabi/lib/thumb\libg.a(lib_a-mlock.o)
                0x0200c8f4                __malloc_lock
                0x0200c8f8                __malloc_unlock
 .text          0x0200c8fc       0x84 e:/devkitpro/devkitarm/bin/../lib/gcc/arm-eabi/4.7.0/../../../../arm-eabi/lib/thumb\libg.a(lib_a-puts.o)
                0x0200c8fc                _puts_r
                0x0200c968                puts
 .text          0x0200c980      0x5b0 e:/devkitpro/devkitarm/bin/../lib/gcc/arm-eabi/4.7.0/../../../../arm-eabi/lib/thumb\libg.a(lib_a-qsort.o)
                0x0200c980                qsort
 .text          0x0200cf30      0x144 e:/devkitpro/devkitarm/bin/../lib/gcc/arm-eabi/4.7.0/../../../../arm-eabi/lib/thumb\libg.a(lib_a-refill.o)
                0x0200cf50                __srefill_r
 .text          0x0200d074       0x2c e:/devkitpro/devkitarm/bin/../lib/gcc/arm-eabi/4.7.0/../../../../arm-eabi/lib/thumb\libg.a(lib_a-remove.o)
                0x0200d074                _remove_r
                0x0200d088                remove
 .text          0x0200d0a0      0x120 e:/devkitpro/devkitarm/bin/../lib/gcc/arm-eabi/4.7.0/../../../../arm-eabi/lib/thumb\libg.a(lib_a-setvbuf.o)
                0x0200d0a0                setvbuf
 .text          0x0200d1c0       0xa0 e:/devkitpro/devkitarm/bin/../lib/gcc/arm-eabi/4.7.0/../../../../arm-eabi/lib/thumb\libg.a(lib_a-siscanf.o)
                0x0200d1c0                siscanf
                0x0200d210                _siscanf_r
 .text          0x0200d260       0x84 e:/devkitpro/devkitarm/bin/../lib/gcc/arm-eabi/4.7.0/../../../../arm-eabi/lib/thumb\libg.a(lib_a-sprintf.o)
                0x0200d260                _sprintf_r
                0x0200d2a0                sprintf
 .text          0x0200d2e4       0xac e:/devkitpro/devkitarm/bin/../lib/gcc/arm-eabi/4.7.0/../../../../arm-eabi/lib/thumb\libg.a(lib_a-stdio.o)
                0x0200d2e4                __sread
                0x0200d310                __seofread
                0x0200d314                __swrite
                0x0200d350                __sseek
                0x0200d380                __sclose
 .text          0x0200d390       0x48 e:/devkitpro/devkitarm/bin/../lib/gcc/arm-eabi/4.7.0/../../../../arm-eabi/lib/thumb\libg.a(lib_a-stpcpy.o)
                0x0200d390                stpcpy
 .text          0x0200d3d8       0x50 e:/devkitpro/devkitarm/bin/../lib/gcc/arm-eabi/4.7.0/../../../../arm-eabi/lib/thumb\libg.a(lib_a-strcasecmp.o)
                0x0200d3d8                strcasecmp
 .text          0x0200d428       0x50 e:/devkitpro/devkitarm/bin/../lib/gcc/arm-eabi/4.7.0/../../../../arm-eabi/lib/thumb\libg.a(lib_a-strcat.o)
                0x0200d428                strcat
 .text          0x0200d478       0xd4 e:/devkitpro/devkitarm/bin/../lib/gcc/arm-eabi/4.7.0/../../../../arm-eabi/lib/thumb\libg.a(lib_a-strchr.o)
                0x0200d478                strchr
 .text          0x0200d54c       0x14 e:/devkitpro/devkitarm/bin/../lib/gcc/arm-eabi/4.7.0/../../../../arm-eabi/lib/thumb\libg.a(lib_a-strcmp.o)
                0x0200d54c                strcmp
 .text          0x0200d560       0x10 e:/devkitpro/devkitarm/bin/../lib/gcc/arm-eabi/4.7.0/../../../../arm-eabi/lib/thumb\libg.a(lib_a-strcpy.o)
                0x0200d560                strcpy
 .text          0x0200d570       0x48 e:/devkitpro/devkitarm/bin/../lib/gcc/arm-eabi/4.7.0/../../../../arm-eabi/lib/thumb\libg.a(lib_a-strlcpy.o)
                0x0200d570                strlcpy
 .text          0x0200d5b8       0x10 e:/devkitpro/devkitarm/bin/../lib/gcc/arm-eabi/4.7.0/../../../../arm-eabi/lib/thumb\libg.a(lib_a-strlen.o)
                0x0200d5b8                strlen
 .text          0x0200d5c8       0x60 e:/devkitpro/devkitarm/bin/../lib/gcc/arm-eabi/4.7.0/../../../../arm-eabi/lib/thumb\libg.a(lib_a-strncasecmp.o)
                0x0200d5c8                strncasecmp
 .text          0x0200d628       0xbc e:/devkitpro/devkitarm/bin/../lib/gcc/arm-eabi/4.7.0/../../../../arm-eabi/lib/thumb\libg.a(lib_a-strncmp.o)
                0x0200d628                strncmp
 .text          0x0200d6e4       0x60 e:/devkitpro/devkitarm/bin/../lib/gcc/arm-eabi/4.7.0/../../../../arm-eabi/lib/thumb\libg.a(lib_a-strncpy.o)
                0x0200d6e4                strncpy
 .text          0x0200d744       0x34 e:/devkitpro/devkitarm/bin/../lib/gcc/arm-eabi/4.7.0/../../../../arm-eabi/lib/thumb\libg.a(lib_a-strnlen.o)
                0x0200d744                strnlen
 .text          0x0200d778       0x50 e:/devkitpro/devkitarm/bin/../lib/gcc/arm-eabi/4.7.0/../../../../arm-eabi/lib/thumb\libg.a(lib_a-strpbrk.o)
                0x0200d778                strpbrk
 .text          0x0200d7c8       0x2c e:/devkitpro/devkitarm/bin/../lib/gcc/arm-eabi/4.7.0/../../../../arm-eabi/lib/thumb\libg.a(lib_a-strrchr.o)
                0x0200d7c8                strrchr
 .text          0x0200d7f4      0x190 e:/devkitpro/devkitarm/bin/../lib/gcc/arm-eabi/4.7.0/../../../../arm-eabi/lib/thumb\libg.a(lib_a-strtol.o)
                0x0200d7f4                _strtol_r
                0x0200d964                strtol
 .text          0x0200d984      0xa98 e:/devkitpro/devkitarm/bin/../lib/gcc/arm-eabi/4.7.0/../../../../arm-eabi/lib/thumb\libg.a(lib_a-svfiscanf.o)
                0x0200d984                _sungetc_r
                0x0200da0c                __ssrefill_r
                0x0200da50                _sfread_r
                0x0200dadc                __ssvfiscanf_r
 *fill*         0x0200e41c        0x4 ff
 .text          0x0200e420     0x1728 e:/devkitpro/devkitarm/bin/../lib/gcc/arm-eabi/4.7.0/../../../../arm-eabi/lib/thumb\libg.a(lib_a-svfprintf.o)
                0x0200e420                _svfprintf_r
 .text          0x0200fb48      0x730 e:/devkitpro/devkitarm/bin/../lib/gcc/arm-eabi/4.7.0/../../../../arm-eabi/lib/thumb\libg.a(lib_a-towlower.o)
                0x0200fb48                towlower
 .text          0x02010278      0x9dc e:/devkitpro/devkitarm/bin/../lib/gcc/arm-eabi/4.7.0/../../../../arm-eabi/lib/thumb\libg.a(lib_a-towupper.o)
                0x02010278                towupper
 .text          0x02010c54        0x8 e:/devkitpro/devkitarm/bin/../lib/gcc/arm-eabi/4.7.0/../../../../arm-eabi/lib/thumb\libg.a(lib_a-tzlock.o)
                0x02010c54                __tz_lock
                0x02010c58                __tz_unlock
 .text          0x02010c5c        0x0 e:/devkitpro/devkitarm/bin/../lib/gcc/arm-eabi/4.7.0/../../../../arm-eabi/lib/thumb\libg.a(lib_a-tzvars.o)
 .text          0x02010c5c      0x188 e:/devkitpro/devkitarm/bin/../lib/gcc/arm-eabi/4.7.0/../../../../arm-eabi/lib/thumb\libg.a(lib_a-ungetc.o)
                0x02010c5c                __submore
                0x02010ce4                _ungetc_r
                0x02010dc8                ungetc
 .text          0x02010de4      0xed4 e:/devkitpro/devkitarm/bin/../lib/gcc/arm-eabi/4.7.0/../../../../arm-eabi/lib/thumb\libg.a(lib_a-vfiprintf.o)
                0x02010de4                __sprint_r
                0x02010e68                _vfiprintf_r
                0x02011c94                vfiprintf
 .text          0x02011cb8       0xe8 e:/devkitpro/devkitarm/bin/../lib/gcc/arm-eabi/4.7.0/../../../../arm-eabi/lib/thumb\libg.a(lib_a-wcrtomb.o)
                0x02011cb8                _wcrtomb_r
                0x02011d20                wcrtomb
 .text          0x02011da0       0x40 e:/devkitpro/devkitarm/bin/../lib/gcc/arm-eabi/4.7.0/../../../../arm-eabi/lib/thumb\libg.a(lib_a-wcsrtombs.o)
                0x02011da0                _wcsrtombs_r
                0x02011db8                wcsrtombs
 .text          0x02011de0       0x54 e:/devkitpro/devkitarm/bin/../lib/gcc/arm-eabi/4.7.0/../../../../arm-eabi/lib/thumb\libg.a(lib_a-wctob.o)
                0x02011de0                wctob
 .text          0x02011e34      0x2a4 e:/devkitpro/devkitarm/bin/../lib/gcc/arm-eabi/4.7.0/../../../../arm-eabi/lib/thumb\libg.a(lib_a-wctomb_r.o)
                0x02011e34                __utf8_wctomb
                0x02011ee8                _wctomb_r
                0x02011f20                __ascii_wctomb
                0x02011f40                __sjis_wctomb
                0x02011fbc                __eucjp_wctomb
                0x02012058                __jis_wctomb
 .text          0x020120d8       0xd0 e:/devkitpro/devkitarm/bin/../lib/gcc/arm-eabi/4.7.0/../../../../arm-eabi/lib/thumb\libg.a(lib_a-wsetup.o)
                0x020120d8                __swsetup_r
 .text          0x020121a8       0x40 e:/devkitpro/devkitarm/bin/../lib/gcc/arm-eabi/4.7.0/../../../../arm-eabi/lib/thumb\libg.a(lib_a-div.o)
                0x020121a8                div
 .text          0x020121e8     0x10a8 e:/devkitpro/devkitarm/bin/../lib/gcc/arm-eabi/4.7.0/../../../../arm-eabi/lib/thumb\libg.a(lib_a-dtoa.o)
                0x02012348                _dtoa_r
 .text          0x02013290       0x70 e:/devkitpro/devkitarm/bin/../lib/gcc/arm-eabi/4.7.0/../../../../arm-eabi/lib/thumb\libg.a(lib_a-flags.o)
                0x02013290                __sflags
 .text          0x02013300      0x104 e:/devkitpro/devkitarm/bin/../lib/gcc/arm-eabi/4.7.0/../../../../arm-eabi/lib/thumb\libg.a(lib_a-fputwc.o)
                0x02013300                _fputwc_r
                0x020133d8                fputwc
 .text          0x02013404      0x2fc e:/devkitpro/devkitarm/bin/../lib/gcc/arm-eabi/4.7.0/../../../../arm-eabi/lib/thumb\libg.a(lib_a-fvwrite.o)
                0x02013404                __sfvwrite_r
 .text          0x02013700       0xa8 e:/devkitpro/devkitarm/bin/../lib/gcc/arm-eabi/4.7.0/../../../../arm-eabi/lib/thumb\libg.a(lib_a-getenv_r.o)
                0x02013700                _findenv_r
                0x02013798                _getenv_r
 .text          0x020137a8        0x8 e:/devkitpro/devkitarm/bin/../lib/gcc/arm-eabi/4.7.0/../../../../arm-eabi/lib/thumb\libg.a(lib_a-gettzinfo.o)
                0x020137a8                __gettzinfo
 .text          0x020137b0       0x78 e:/devkitpro/devkitarm/bin/../lib/gcc/arm-eabi/4.7.0/../../../../arm-eabi/lib/thumb\libg.a(lib_a-iswspace.o)
                0x020137b0                iswspace
 .text          0x02013828      0x1f0 e:/devkitpro/devkitarm/bin/../lib/gcc/arm-eabi/4.7.0/../../../../arm-eabi/lib/thumb\libg.a(lib_a-jp2uc.o)
                0x020139b4                _jp2uc
 .text          0x02013a18       0xe8 e:/devkitpro/devkitarm/bin/../lib/gcc/arm-eabi/4.7.0/../../../../arm-eabi/lib/thumb\libg.a(lib_a-mbsnrtowcs.o)
                0x02013a18                _mbsnrtowcs_r
                0x02013ad4                mbsnrtowcs
 .text          0x02013b00       0x98 e:/devkitpro/devkitarm/bin/../lib/gcc/arm-eabi/4.7.0/../../../../arm-eabi/lib/thumb\libg.a(lib_a-memchr-stub.o)
                0x02013b00                memchr
 .text          0x02013b98      0x9a0 e:/devkitpro/devkitarm/bin/../lib/gcc/arm-eabi/4.7.0/../../../../arm-eabi/lib/thumb\libg.a(lib_a-mprec.o)
                0x02013b98                _Balloc
                0x02013bec                _Bfree
                0x02013c04                __multadd
                0x02013cb0                __s2b
                0x02013d4c                __hi0bits
                0x02013d84                __lo0bits
                0x02013de4                __i2b
                0x02013dfc                __multiply
                0x02013f68                __pow5mult
                0x02014018                __lshift
                0x020140e8                __mcmp
                0x02014124                __mdiff
                0x02014214                __ulp
                0x0201425c                __b2d
                0x02014314                __d2b
                0x020143cc                __ratio
                0x02014448                _mprec_log10
                0x0201448c                __copybits
                0x020144d4                __any_on
 .text          0x02014538      0x3e8 e:/devkitpro/devkitarm/bin/../lib/gcc/arm-eabi/4.7.0/../../../../arm-eabi/lib/thumb\libg.a(lib_a-reallocr.o)
                0x02014538                _realloc_r
 .text          0x02014920       0x7c e:/devkitpro/devkitarm/bin/../lib/gcc/arm-eabi/4.7.0/../../../../arm-eabi/lib/thumb\libg.a(lib_a-sccl.o)
                0x02014920                __sccl
 .text          0x0201499c       0x5c e:/devkitpro/devkitarm/bin/../lib/gcc/arm-eabi/4.7.0/../../../../arm-eabi/lib/thumb\libg.a(lib_a-s_fpclassify.o)
                0x0201499c                __fpclassifyd
 .text          0x020149f8      0x208 e:/devkitpro/devkitarm/bin/../lib/gcc/arm-eabi/4.7.0/../../../../arm-eabi/lib/thumb\libg.a(lib_a-strtoll_r.o)
                0x020149f8                _strtoll_r
 .text          0x02014c00      0x238 e:/devkitpro/devkitarm/bin/../lib/gcc/arm-eabi/4.7.0/../../../../arm-eabi/lib/thumb\libg.a(lib_a-strtoull_r.o)
                0x02014c00                _strtoull_r
 .text          0x02014e38      0x198 e:/devkitpro/devkitarm/bin/../lib/gcc/arm-eabi/4.7.0/../../../../arm-eabi/lib/thumb\libg.a(lib_a-strtoul.o)
                0x02014e38                _strtoul_r
                0x02014fb0                strtoul
 .text          0x02014fd0      0xeb4 e:/devkitpro/devkitarm/bin/../lib/gcc/arm-eabi/4.7.0/../../../../arm-eabi/lib/thumb\libg.a(lib_a-svfiprintf.o)
                0x02014fd0                __ssprint_r
                0x02015100                _svfiprintf_r
 .text          0x02015e84       0xd0 e:/devkitpro/devkitarm/bin/../lib/gcc/arm-eabi/4.7.0/../../../../arm-eabi/lib/thumb\libg.a(lib_a-wbuf.o)
                0x02015e84                __swbuf_r
                0x02015f38                __swbuf
 .text          0x02015f54      0x150 e:/devkitpro/devkitarm/bin/../lib/gcc/arm-eabi/4.7.0/../../../../arm-eabi/lib/thumb\libg.a(lib_a-wcsnrtombs.o)
                0x02015f54                _wcsnrtombs_r
                0x02016074                wcsnrtombs
 .text          0x020160a4       0x64 e:/devkitpro/devkitarm/bin/../lib/gcc/arm-eabi/4.7.0/../../../../arm-eabi/lib/thumb\libg.a(lib_a-callocr.o)
                0x020160a4                _calloc_r
 .text          0x02016108        0x0 e:/devkitpro/devkitarm/bin/../lib/gcc/arm-eabi/4.7.0/../../../../arm-eabi/lib/thumb\libg.a(lib_a-environ.o)
 .text          0x02016108        0x8 e:/devkitpro/devkitarm/bin/../lib/gcc/arm-eabi/4.7.0/../../../../arm-eabi/lib/thumb\libg.a(lib_a-envlock.o)
                0x02016108                __env_lock
                0x0201610c                __env_unlock
 .text          0x02016110      0x144 e:/devkitpro/devkitarm/bin/../lib/gcc/arm-eabi/4.7.0/../../../../arm-eabi/lib/thumb\libsysbase.a(iosupport.o)
                0x02016110                setDefaultDevice
                0x02016124                FindDevice
                0x02016194                RemoveDevice
                0x020161b8                AddDevice
                0x02016234                GetDeviceOpTab
 .text          0x02016254       0x50 e:/devkitpro/devkitarm/bin/../lib/gcc/arm-eabi/4.7.0/../../../../arm-eabi/lib/thumb\libsysbase.a(close.o)
                0x02016254                _close_r
 .text          0x020162a4       0x50 e:/devkitpro/devkitarm/bin/../lib/gcc/arm-eabi/4.7.0/../../../../arm-eabi/lib/thumb\libsysbase.a(fstat.o)
                0x020162a4                _fstat_r
 .text          0x020162f4        0x4 e:/devkitpro/devkitarm/bin/../lib/gcc/arm-eabi/4.7.0/../../../../arm-eabi/lib/thumb\libsysbase.a(isatty.o)
                0x020162f4                _isatty_r
 .text          0x020162f8       0x50 e:/devkitpro/devkitarm/bin/../lib/gcc/arm-eabi/4.7.0/../../../../arm-eabi/lib/thumb\libsysbase.a(lseek.o)
                0x020162f8                _lseek_r
 .text          0x02016348       0xa0 e:/devkitpro/devkitarm/bin/../lib/gcc/arm-eabi/4.7.0/../../../../arm-eabi/lib/thumb\libsysbase.a(open.o)
                0x02016348                _open_r
 .text          0x020163e8       0x50 e:/devkitpro/devkitarm/bin/../lib/gcc/arm-eabi/4.7.0/../../../../arm-eabi/lib/thumb\libsysbase.a(read.o)
                0x020163e8                _read_r
 .text          0x02016438       0x54 e:/devkitpro/devkitarm/bin/../lib/gcc/arm-eabi/4.7.0/../../../../arm-eabi/lib/thumb\libsysbase.a(sbrk.o)
                0x02016438                _sbrk_r
 .text          0x0201648c       0x3c e:/devkitpro/devkitarm/bin/../lib/gcc/arm-eabi/4.7.0/../../../../arm-eabi/lib/thumb\libsysbase.a(unlink.o)
                0x0201648c                _unlink_r
 .text          0x020164c8       0x58 e:/devkitpro/devkitarm/bin/../lib/gcc/arm-eabi/4.7.0/../../../../arm-eabi/lib/thumb\libsysbase.a(write.o)
                0x020164c8                _write_r
 .text          0x02016520        0x0 e:/devkitpro/devkitarm/bin/../lib/gcc/arm-eabi/4.7.0/../../../../arm-eabi/lib/thumb\libsysbase.a(malloc_vars.o)
 .text          0x02016520      0x24c e:/devkitpro/devkitarm/bin/../lib/gcc/arm-eabi/4.7.0/../../../../arm-eabi/lib/thumb\libsysbase.a(chdir.o)
                0x02016520                _concatenate_path
                0x0201663c                chdir
                0x0201671c                getcwd
 .text          0x0201676c       0x84 e:/devkitpro/devkitarm/bin/../lib/gcc/arm-eabi/4.7.0/../../../../arm-eabi/lib/thumb\libsysbase.a(handle_manager.o)
                0x0201676c                __release_handle
                0x02016798                __alloc_handle
                0x020167d0                __get_handle
 .text          0x020167f0      0x340 e:/devkitpro/devkitarm/bin/../lib/gcc/arm-eabi/4.7.0/../../../../arm-eabi/lib/thumb\libsysbase.a(dirent.o)
                0x02016870                opendir
                0x0201691c                closedir
                0x0201697c                readdir
                0x02016a20                readdir_r
                0x02016aac                rewinddir
                0x02016ac4                seekdir
                0x02016b18                telldir
 .text          0x02016b30      0x41c e:/devkitpro/devkitarm/bin/../lib/gcc/arm-eabi/4.7.0/thumb\libgcc.a(_arm_addsubdf3.o)
                0x02016b30                __aeabi_drsub
                0x02016b38                __aeabi_dsub
                0x02016b38                __subdf3
                0x02016b3c                __aeabi_dadd
                0x02016b3c                __adddf3
                0x02016e4c                __floatunsidf
                0x02016e4c                __aeabi_ui2d
                0x02016e70                __floatsidf
                0x02016e70                __aeabi_i2d
                0x02016e98                __aeabi_f2d
                0x02016e98                __extendsfdf2
                0x02016ed8                __floatundidf
                0x02016ed8                __aeabi_ul2d
                0x02016eec                __floatdidf
                0x02016eec                __aeabi_l2d
 .text          0x02016f4c      0x49c e:/devkitpro/devkitarm/bin/../lib/gcc/arm-eabi/4.7.0/thumb\libgcc.a(_arm_muldivdf3.o)
                0x02016f4c                __aeabi_dmul
                0x02016f4c                __muldf3
                0x020171dc                __divdf3
                0x020171dc                __aeabi_ddiv
 .text          0x020173e8      0x144 e:/devkitpro/devkitarm/bin/../lib/gcc/arm-eabi/4.7.0/thumb\libgcc.a(_arm_cmpdf2.o)
                0x020173e8                __gtdf2
                0x020173e8                __gedf2
                0x020173f0                __ltdf2
                0x020173f0                __ledf2
                0x020173f8                __nedf2
                0x020173f8                __eqdf2
                0x020173f8                __cmpdf2
                0x02017480                __aeabi_cdrcmple
                0x0201749c                __aeabi_cdcmpeq
                0x0201749c                __aeabi_cdcmple
                0x020174b4                __aeabi_dcmpeq
                0x020174cc                __aeabi_dcmplt
                0x020174e4                __aeabi_dcmple
                0x020174fc                __aeabi_dcmpge
                0x02017514                __aeabi_dcmpgt
 .text          0x0201752c       0x5c e:/devkitpro/devkitarm/bin/../lib/gcc/arm-eabi/4.7.0/thumb\libgcc.a(_arm_fixdfsi.o)
                0x0201752c                __aeabi_d2iz
                0x0201752c                __fixdfsi
 .text          0x02017588       0x3c e:/devkitpro/devkitarm/bin/../lib/gcc/arm-eabi/4.7.0/thumb\libgcc.a(_aeabi_uldivmod.o)
                0x02017588                __aeabi_uldivmod
 .text          0x020175c4       0x7c e:/devkitpro/devkitarm/bin/../lib/gcc/arm-eabi/4.7.0/thumb\libgcc.a(bpabi.o)
                0x020175c4                __gnu_ldivmod_helper
                0x02017604                __gnu_uldivmod_helper
 .text          0x02017640      0x3d4 e:/devkitpro/devkitarm/bin/../lib/gcc/arm-eabi/4.7.0/thumb\libgcc.a(_divdi3.o)
                0x02017640                __divdi3
 .text          0x02017a14      0x3a0 e:/devkitpro/devkitarm/bin/../lib/gcc/arm-eabi/4.7.0/thumb\libgcc.a(_udivdi3.o)
                0x02017a14                __udivdi3
 .text          0x02017db4      0xab4 e:/devkitpro/devkitarm/bin/../lib/gcc/arm-eabi/4.7.0/thumb\libgcc.a(unwind-arm.o)
                0x020180b0                _Unwind_GetCFA
                0x020180b4                __gnu_Unwind_RaiseException
                0x02018114                __gnu_Unwind_ForcedUnwind
                0x0201812c                __gnu_Unwind_Resume
                0x02018174                __gnu_Unwind_Resume_or_Rethrow
                0x02018194                _Unwind_Complete
                0x02018198                _Unwind_DeleteException
                0x020181b0                _Unwind_VRS_Get
                0x020181fc                _Unwind_VRS_Set
                0x02018558                __aeabi_unwind_cpp_pr2
                0x02018568                __aeabi_unwind_cpp_pr1
                0x02018578                __aeabi_unwind_cpp_pr0
                0x02018588                __gnu_Unwind_Backtrace
                0x020185fc                _Unwind_VRS_Pop
 .text          0x02018868      0x1d8 e:/devkitpro/devkitarm/bin/../lib/gcc/arm-eabi/4.7.0/thumb\libgcc.a(libunwind.o)
                0x02018868                __restore_core_regs
                0x02018868                restore_core_regs
                0x02018884                __gnu_Unwind_Restore_VFP
                0x0201888c                __gnu_Unwind_Save_VFP
                0x02018894                __gnu_Unwind_Restore_VFP_D
                0x0201889c                __gnu_Unwind_Save_VFP_D
                0x020188a4                __gnu_Unwind_Restore_VFP_D_16_to_31
                0x020188ac                __gnu_Unwind_Save_VFP_D_16_to_31
                0x020188b4                __gnu_Unwind_Restore_WMMXD
                0x020188f8                __gnu_Unwind_Save_WMMXD
                0x0201893c                __gnu_Unwind_Restore_WMMXC
                0x02018950                __gnu_Unwind_Save_WMMXC
                0x02018964                ___Unwind_RaiseException
                0x02018964                _Unwind_RaiseException
                0x02018990                _Unwind_Resume
                0x02018990                ___Unwind_Resume
                0x020189bc                _Unwind_Resume_or_Rethrow
                0x020189bc                ___Unwind_Resume_or_Rethrow
                0x020189e8                _Unwind_ForcedUnwind
                0x020189e8                ___Unwind_ForcedUnwind
                0x02018a14                ___Unwind_Backtrace
                0x02018a14                _Unwind_Backtrace
 .text          0x02018a40      0x3e0 e:/devkitpro/devkitarm/bin/../lib/gcc/arm-eabi/4.7.0/thumb\libgcc.a(pr-support.o)
                0x02018a9c                __gnu_unwind_execute
                0x02018dbc                __gnu_unwind_frame
                0x02018de8                _Unwind_GetRegionStart
                0x02018df8                _Unwind_GetLanguageSpecificData
                0x02018e10                _Unwind_GetDataRelBase
                0x02018e18                _Unwind_GetTextRelBase
 .text          0x02018e20       0x48 e:/devkitpro/devkitarm/bin/../lib/gcc/arm-eabi/4.7.0/thumb\libgcc.a(_clzsi2.o)
                0x02018e20                __clzsi2
 .text          0x02018e68       0x10 e:/devkitpro/devkitarm/bin/../lib/gcc/arm-eabi/4.7.0/../../../../arm-eabi/lib/thumb\libg.a(lib_a-abort.o)
                0x02018e68                abort
 .text          0x02018e78        0xc e:/devkitpro/devkitarm/bin/../lib/gcc/arm-eabi/4.7.0/../../../../arm-eabi/lib/thumb\libg.a(lib_a-errno.o)
                0x02018e78                __errno
 .text          0x02018e84      0x198 e:/devkitpro/devkitarm/bin/../lib/gcc/arm-eabi/4.7.0/../../../../arm-eabi/lib/thumb\libg.a(lib_a-signal.o)
                0x02018e84                _init_signal_r
                0x02018ec4                _signal_r
                0x02018f04                _raise_r
                0x02018f64                __sigtramp_r
                0x02018fb8                raise
                0x02018fd0                signal
                0x02018fec                _init_signal
                0x02019000                __sigtramp
 .text          0x0201901c        0xc e:/devkitpro/devkitarm/bin/../lib/gcc/arm-eabi/4.7.0/../../../../arm-eabi/lib/thumb\libsysbase.a(getpid.o)
                0x0201901c                _getpid_r
 .text          0x02019028        0xc e:/devkitpro/devkitarm/bin/../lib/gcc/arm-eabi/4.7.0/../../../../arm-eabi/lib/thumb\libsysbase.a(kill.o)
                0x02019028                _kill_r
 .text          0x02019034       0x18 e:/devkitpro/devkitarm/bin/../lib/gcc/arm-eabi/4.7.0/../../../../arm-eabi/lib/thumb\libsysbase.a(_exit.o)
                0x02019034                _exit
 .text          0x0201904c        0x0 e:/devkitpro/devkitarm/bin/../lib/gcc/arm-eabi/4.7.0/../../../../arm-eabi/lib/thumb\libsysbase.a(syscall_support.o)
 .text          0x0201904c        0x0 e:/devkitpro/devkitarm/bin/../lib/gcc/arm-eabi/4.7.0/thumb/crtend.o
 .text          0x0201904c        0x0 e:/devkitpro/devkitarm/bin/../lib/gcc/arm-eabi/4.7.0/thumb/crtn.o
 *(.text .stub .text.* .gnu.linkonce.t.*)
 .text.startup  0x0201904c      0x4a0 main.o
                0x0201904c                main
 *fill*         0x020194ec        0x4 ff
 .text.startup.stub
                0x020194f0      0x13c linker stubs
 *(.text.*personality*)
 *(.gnu.warning)
 *(.glue_7t)
 .glue_7t       0x00000000        0x0 linker stubs
 *(.glue_7)
 .glue_7        0x00000000        0x0 linker stubs
 *(.vfp11_veneer)
 .vfp11_veneer  0x00000000        0x0 linker stubs
                0x0201962c                . = ALIGN (0x4)
                0x0201962c                __text_end = .

.v4_bx          0x02019640        0x0
 .v4_bx         0x00000000        0x0 linker stubs

.fini           0x02019640        0xc
 *(.fini)
 .fini          0x02019640        0x4 e:/devkitpro/devkitarm/bin/../lib/gcc/arm-eabi/4.7.0/thumb/crti.o
                0x02019640                _fini
 .fini          0x02019644        0x8 e:/devkitpro/devkitarm/bin/../lib/gcc/arm-eabi/4.7.0/thumb/crtn.o
                0x0201964c                . = ALIGN (0x4)

.rodata         0x02019650     0x6988
 *(.rodata)
 .rodata        0x02019650       0xa4 EepromSave.o
                0x02019660                patch_eeprom_1
                0x02019692                patch_eeprom_2
 .rodata        0x020196f4      0x482 FlashSave.o
 *fill*         0x02019b76        0x2 ff
 .rodata        0x02019b78      0x2bc Save.o
 .rodata        0x02019e34      0x2c8 WhiteScreenPatch.o
 .rodata        0x0201a0fc       0x20 my_io_scsd.o
                0x0201a0fc                _my_io_scsd
 .rodata        0x0201a11c       0x64 e:/devkitPro/libgba/lib\libfat.a(libfat.o)
 .rodata        0x0201a180        0xc e:/devkitPro/libgba/lib\libfat.a(partition.o)
 .rodata        0x0201a18c       0x54 e:/devkitPro/libgba/lib\libfat.a(directory.o)
 .rodata        0x0201a1e0       0x10 e:/devkitPro/libgba/lib\libfat.a(disc.o)
                0x0201a1e0                _FAT_disc_interfaces
 .rodata        0x0201a1f0      0x18c e:/devkitPro/libgba/lib\libgba.a(console.o)
                0x0201a2c4                dotab_stdout
                0x0201a320                dotab_stderr
 .rodata        0x0201a37c       0x44 e:/devkitPro/libgba/lib\libgba.a(io_m3cf.o)
                0x0201a37c                _io_m3cf
 .rodata        0x0201a3c0       0x20 e:/devkitPro/libgba/lib\libgba.a(io_m3sd.o)
                0x0201a3c0                _io_m3sd
 .rodata        0x0201a3e0       0x44 e:/devkitPro/libgba/lib\libgba.a(io_mpcf.o)
                0x0201a3e0                _io_mpcf
 .rodata        0x0201a424       0x44 e:/devkitPro/libgba/lib\libgba.a(io_sccf.o)
                0x0201a424                _io_sccf
 .rodata        0x0201a468       0x20 e:/devkitPro/libgba/lib\libgba.a(io_scsd.o)
                0x0201a468                _io_scsd
 .rodata        0x0201a488      0x804 e:/devkitPro/libgba/lib\libgba.a(amiga.fnt.o)
                0x0201a488                amiga_fnt
                0x0201ac88                amiga_fnt_size
                0x0201ac88                amiga_fnt_end
 .rodata        0x0201ac8c      0x104 e:/devkitpro/devkitarm/bin/../lib/gcc/arm-eabi/4.7.0/../../../../arm-eabi/lib/thumb\libg.a(lib_a-ctype_.o)
                0x0201ac8c                _ctype_
 .rodata        0x0201ad90        0x4 e:/devkitpro/devkitarm/bin/../lib/gcc/arm-eabi/4.7.0/../../../../arm-eabi/lib/thumb\libg.a(lib_a-impure.o)
                0x0201ad90                _global_impure_ptr
 .rodata        0x0201ad94       0xf0 e:/devkitpro/devkitarm/bin/../lib/gcc/arm-eabi/4.7.0/../../../../arm-eabi/lib/thumb\libg.a(lib_a-locale.o)
 .rodata        0x0201ae84       0xa8 e:/devkitpro/devkitarm/bin/../lib/gcc/arm-eabi/4.7.0/../../../../arm-eabi/lib/thumb\libg.a(lib_a-mbtowc_r.o)
 .rodata        0x0201af2c       0x60 e:/devkitpro/devkitarm/bin/../lib/gcc/arm-eabi/4.7.0/../../../../arm-eabi/lib/thumb\libg.a(lib_a-mktime.o)
 .rodata        0x0201af8c       0x68 e:/devkitpro/devkitarm/bin/../lib/gcc/arm-eabi/4.7.0/../../../../arm-eabi/lib/thumb\libg.a(lib_a-mktm_r.o)
 .rodata        0x0201aff4      0x340 e:/devkitpro/devkitarm/bin/../lib/gcc/arm-eabi/4.7.0/../../../../arm-eabi/lib/thumb\libg.a(lib_a-svfiscanf.o)
 .rodata        0x0201b334      0x184 e:/devkitpro/devkitarm/bin/../lib/gcc/arm-eabi/4.7.0/../../../../arm-eabi/lib/thumb\libg.a(lib_a-svfprintf.o)
 .rodata        0x0201b4b8      0x580 e:/devkitpro/devkitarm/bin/../lib/gcc/arm-eabi/4.7.0/../../../../arm-eabi/lib/thumb\libg.a(lib_a-towlower.o)
 .rodata        0x0201ba38      0x3e4 e:/devkitpro/devkitarm/bin/../lib/gcc/arm-eabi/4.7.0/../../../../arm-eabi/lib/thumb\libg.a(lib_a-towupper.o)
 .rodata        0x0201be1c      0x184 e:/devkitpro/devkitarm/bin/../lib/gcc/arm-eabi/4.7.0/../../../../arm-eabi/lib/thumb\libg.a(lib_a-vfiprintf.o)
 .rodata        0x0201bfa0     0x34f0 e:/devkitpro/devkitarm/bin/../lib/gcc/arm-eabi/4.7.0/../../../../arm-eabi/lib/thumb\libg.a(lib_a-jp2uc.o)
 .rodata        0x0201f490      0x128 e:/devkitpro/devkitarm/bin/../lib/gcc/arm-eabi/4.7.0/../../../../arm-eabi/lib/thumb\libg.a(lib_a-mprec.o)
                0x0201f4a0                __mprec_tens
                0x0201f568                __mprec_tinytens
                0x0201f590                __mprec_bigtens
 .rodata        0x0201f5b8      0x184 e:/devkitpro/devkitarm/bin/../lib/gcc/arm-eabi/4.7.0/../../../../arm-eabi/lib/thumb\libg.a(lib_a-svfiprintf.o)
 .rodata        0x0201f73c       0x64 e:/devkitpro/devkitarm/bin/../lib/gcc/arm-eabi/4.7.0/../../../../arm-eabi/lib/thumb\libsysbase.a(iosupport.o)
                0x0201f73c                dotab_stdnull
 .rodata        0x0201f7a0        0xc e:/devkitpro/devkitarm/bin/../lib/gcc/arm-eabi/4.7.0/../../../../arm-eabi/lib/thumb\libsysbase.a(chdir.o)
                0x0201f7a0                DIRECTORY_PARENT
                0x0201f7a4                DIRECTORY_THIS
                0x0201f7a8                DIRECTORY_SEPARATOR
 .rodata        0x0201f7ac       0x14 e:/devkitpro/devkitarm/bin/../lib/gcc/arm-eabi/4.7.0/thumb\libgcc.a(unwind-arm.o)
 *all.rodata*(*)
 *(.roda)
 *(.rodata.*)
 .rodata.str1.1
                0x0201f7c0      0x63b main.o
                                0x66e (size before relaxing)
 *fill*         0x0201fdfb        0x1 ff
 .rodata.str1.4
                0x0201fdfc       0x14 e:/devkitPro/libgba/lib\libfat.a(libfat.o)
 .rodata.str1.4
                0x0201fe10        0x7 e:/devkitPro/libgba/lib\libfat.a(directory.o)
                                  0x8 (size before relaxing)
 .rodata.str1.4
                0x00000000        0x4 e:/devkitPro/libgba/lib\libfat.a(disc.o)
 *fill*         0x0201fe17        0x1 ff
 .rodata.str1.4
                0x0201fe18        0x5 e:/devkitPro/libgba/lib\libfat.a(fatdir.o)
                                  0x8 (size before relaxing)
 *fill*         0x0201fe1d        0x3 ff
 .rodata.str1.4
                0x0201fe20       0x2c e:/devkitPro/libgba/lib\libgba.a(console.o)
 .rodata.str1.4
                0x0201fe4c        0x2 e:/devkitpro/devkitarm/bin/../lib/gcc/arm-eabi/4.7.0/../../../../arm-eabi/lib/thumb\libg.a(lib_a-impure.o)
                                  0x4 (size before relaxing)
 *fill*         0x0201fe4e        0x2 ff
 .rodata.str1.4
                0x0201fe50      0x124 e:/devkitpro/devkitarm/bin/../lib/gcc/arm-eabi/4.7.0/../../../../arm-eabi/lib/thumb\libg.a(lib_a-locale.o)
                                0x130 (size before relaxing)
 .rodata.str1.4
                0x00000000        0x4 e:/devkitpro/devkitarm/bin/../lib/gcc/arm-eabi/4.7.0/../../../../arm-eabi/lib/thumb\libg.a(lib_a-mbrtowc.o)
 .rodata.str1.4
                0x0201ff74        0x2 e:/devkitpro/devkitarm/bin/../lib/gcc/arm-eabi/4.7.0/../../../../arm-eabi/lib/thumb\libg.a(lib_a-puts.o)
                                  0x4 (size before relaxing)
 *fill*         0x0201ff76        0x2 ff
 .rodata.str1.4
                0x0201ff78       0x42 e:/devkitpro/devkitarm/bin/../lib/gcc/arm-eabi/4.7.0/../../../../arm-eabi/lib/thumb\libg.a(lib_a-svfprintf.o)
                                 0x44 (size before relaxing)
 *fill*         0x0201ffba        0x2 ff
 .rodata.str1.4
                0x0201ffbc        0x4 e:/devkitpro/devkitarm/bin/../lib/gcc/arm-eabi/4.7.0/../../../../arm-eabi/lib/thumb\libg.a(lib_a-tzvars.o)
 .rodata.str1.4
                0x00000000       0x30 e:/devkitpro/devkitarm/bin/../lib/gcc/arm-eabi/4.7.0/../../../../arm-eabi/lib/thumb\libg.a(lib_a-vfiprintf.o)
 .rodata.str1.4
                0x0201ffc0       0x10 e:/devkitpro/devkitarm/bin/../lib/gcc/arm-eabi/4.7.0/../../../../arm-eabi/lib/thumb\libg.a(lib_a-dtoa.o)
                                 0x14 (size before relaxing)
 .rodata.str1.4
                0x00000000       0x14 e:/devkitpro/devkitarm/bin/../lib/gcc/arm-eabi/4.7.0/../../../../arm-eabi/lib/thumb\libg.a(lib_a-jp2uc.o)
 .rodata.str1.4
                0x00000000       0x30 e:/devkitpro/devkitarm/bin/../lib/gcc/arm-eabi/4.7.0/../../../../arm-eabi/lib/thumb\libg.a(lib_a-svfiprintf.o)
 .rodata.str1.4
                0x0201ffd0        0x8 e:/devkitpro/devkitarm/bin/../lib/gcc/arm-eabi/4.7.0/../../../../arm-eabi/lib/thumb\libsysbase.a(iosupport.o)
 *(.gnu.linkonce.r*)
                0x0201ffd8                . = ALIGN (0x4)

.ARM.extab      0x0201ffd8       0x18
 *(.ARM.extab* .gnu.linkonce.armextab.*)
 .ARM.extab     0x0201ffd8        0xc e:/devkitpro/devkitarm/bin/../lib/gcc/arm-eabi/4.7.0/thumb\libgcc.a(_divdi3.o)
 .ARM.extab     0x0201ffe4        0xc e:/devkitpro/devkitarm/bin/../lib/gcc/arm-eabi/4.7.0/thumb\libgcc.a(_udivdi3.o)
                0x0201fff0                __exidx_start = .

.ARM.exidx      0x0201fff0       0x18
 *(.ARM.exidx* .gnu.linkonce.armexidx.*)
 .ARM.exidx     0x0201fff0        0x8 e:/devkitpro/devkitarm/bin/../lib/gcc/arm-eabi/4.7.0/thumb\libgcc.a(_divdi3.o)
 .ARM.exidx     0x0201fff8       0x10 e:/devkitpro/devkitarm/bin/../lib/gcc/arm-eabi/4.7.0/thumb\libgcc.a(_udivdi3.o)
                                  0x8 (size before relaxing)
                0x02020008                __exidx_end = .
                0x02020008                . = ALIGN (0x4)
                0x02020008                PROVIDE (__preinit_array_start, .)

.preinit_array
 *(.preinit_array)
                0x02020008                PROVIDE (__preinit_array_end, .)
                0x02020008                PROVIDE (__init_array_start, .)

.init_array     0x02020008        0x4
 *(.init_array)
 .init_array    0x02020008        0x4 e:/devkitpro/devkitarm/bin/../lib/gcc/arm-eabi/4.7.0/thumb/crtbegin.o
                0x0202000c                PROVIDE (__init_array_end, .)
                0x0202000c                PROVIDE (__fini_array_start, .)

.fini_array     0x0202000c        0x4
 *(.fini_array)
 .fini_array    0x0202000c        0x4 e:/devkitpro/devkitarm/bin/../lib/gcc/arm-eabi/4.7.0/thumb/crtbegin.o
                0x02020010                PROVIDE (__fini_array_end, .)

.ctors          0x02020010        0x0
 *crtbegin.o(.ctors)
 *(EXCLUDE_FILE(*crtend.o) .ctors)
 *(SORT(.ctors.*))
 *(.ctors)
                0x02020010                . = ALIGN (0x4)

.dtors          0x02020010        0x0
 *crtbegin.o(.dtors)
 *(EXCLUDE_FILE(*crtend.o) .dtors)
 *(SORT(.dtors.*))
 *(.dtors)
                0x02020010                . = ALIGN (0x4)

.jcr            0x02020010        0x4
 *(.jcr)
 .jcr           0x02020010        0x0 e:/devkitpro/devkitarm/bin/../lib/gcc/arm-eabi/4.7.0/thumb/crtbegin.o
 .jcr           0x02020010        0x4 e:/devkitpro/devkitarm/bin/../lib/gcc/arm-eabi/4.7.0/thumb/crtend.o

.eh_frame       0x02020014        0x4
 *(.eh_frame)
 .eh_frame      0x02020014        0x0 e:/devkitpro/devkitarm/bin/../lib/gcc/arm-eabi/4.7.0/thumb/crtbegin.o
 .eh_frame      0x02020014        0x4 e:/devkitpro/devkitarm/bin/../lib/gcc/arm-eabi/4.7.0/thumb/crtend.o
                0x02020018                . = ALIGN (0x4)

.gcc_except_table
                0x02020018        0x0
 *(.gcc_except_table)
                0x02020018                . = ALIGN (0x4)
                0x02020018                __iwram_lma = .

.iwram          0x03000000     0x4378 load address 0x02020018
                0x03000000                __iwram_start__ = ABSOLUTE (.)
 *(.iwram)
 .iwram         0x03000000     0x4000 main.o
                0x03000000                filebuf
 .iwram         0x03004000       0x68 overclock_ewram.o
                0x03004000                overclock_ewram
                0x03004058                restore_ewram_clocks
 *fill*         0x03004068        0x8 ff
 .iwram         0x03004070      0x250 my_io_scsd_s.o
                0x03004070                _SCSD_writeData_s
                0x03004128                _SCSD_readData_s
 .iwram         0x030042c0       0xb8 e:/devkitPro/libgba/lib\libgba.a(InterruptDispatcher.o)
                0x030042c0                IntrMain
 *iwram.*(.text)
                0x03004378                . = ALIGN (0x4)
                0x03004378                __iwram_end__ = ABSOLUTE (.)
                0x02024390                __data_lma = (__iwram_lma + SIZEOF (.iwram))

.bss            0x03004378     0x1408
                0x03004378                __bss_start__ = ABSOLUTE (.)
 *(.dynbss)
 *(.gnu.linkonce.b*)
 *(.bss*)
 .bss           0x03004378        0x0 e:/devkitpro/devkitarm/bin/../lib/gcc/arm-eabi/4.7.0/../../../../arm-eabi/lib/thumb/gba_crt0.o
 .bss           0x03004378        0x0 e:/devkitpro/devkitarm/bin/../lib/gcc/arm-eabi/4.7.0/thumb/crti.o
 .bss           0x03004378       0x1c e:/devkitpro/devkitarm/bin/../lib/gcc/arm-eabi/4.7.0/thumb/crtbegin.o
 .bss           0x03004394        0x0 EepromSave.o
 .bss           0x03004394        0x0 FlashSave.o
 .bss           0x03004394        0x0 Save.o
 .bss           0x03004394        0x0 WhiteScreenPatch.o
 .bss           0x03004394        0x0 find_common.o
 .bss           0x03004394        0x0 irq_hook.o
 .bss           0x03004394        0x0 main.o
 .bss           0x03004394        0x0 my_io_sc_common.o
 .bss           0x03004394        0x4 my_io_scsd.o
                0x03004394                _SCSD_relativeCardAddress
 .bss           0x03004398        0x0 my_io_sd_common.o
 .bss           0x03004398        0x0 overclock_ewram.o
 .bss           0x03004398        0x0 my_io_scsd_s.o
 .bss           0x03004398        0x0 e:/devkitPro/libgba/lib\libfat.a(libfat.o)
 .bss           0x03004398        0x0 e:/devkitPro/libgba/lib\libfat.a(partition.o)
 .bss           0x03004398        0x4 e:/devkitPro/libgba/lib\libfat.a(cache.o)
 .bss           0x0300439c        0x0 e:/devkitPro/libgba/lib\libfat.a(directory.o)
 .bss           0x0300439c        0x0 e:/devkitPro/libgba/lib\libfat.a(disc.o)
 .bss           0x0300439c        0x0 e:/devkitPro/libgba/lib\libfat.a(fatdir.o)
 .bss           0x0300439c        0x0 e:/devkitPro/libgba/lib\libfat.a(fatfile.o)
 .bss           0x0300439c        0x0 e:/devkitPro/libgba/lib\libfat.a(file_allocation_table.o)
 .bss           0x0300439c        0x0 e:/devkitPro/libgba/lib\libfat.a(filetime.o)
 .bss           0x0300439c        0x0 e:/devkitPro/libgba/lib\libfat.a(lock.o)
 .bss           0x0300439c       0x1c e:/devkitPro/libgba/lib\libgba.a(console.o)
 .bss           0x030043b8        0xa e:/devkitPro/libgba/lib\libgba.a(input.o)
 .bss           0x030043c2        0x0 e:/devkitPro/libgba/lib\libgba.a(interrupt.o)
 .bss           0x030043c2        0x0 e:/devkitPro/libgba/lib\libgba.a(disc.o)
 .bss           0x030043c2        0x0 e:/devkitPro/libgba/lib\libgba.a(io_m3cf.o)
 *fill*         0x030043c2        0x2 00
 .bss           0x030043c4        0x4 e:/devkitPro/libgba/lib\libgba.a(io_m3sd.o)
 .bss           0x030043c8        0x0 e:/devkitPro/libgba/lib\libgba.a(io_mpcf.o)
 .bss           0x030043c8        0x0 e:/devkitPro/libgba/lib\libgba.a(io_sccf.o)
 .bss           0x030043c8        0x4 e:/devkitPro/libgba/lib\libgba.a(io_scsd.o)
 .bss           0x030043cc        0x0 e:/devkitPro/libgba/lib\libgba.a(io_sd_common.o)
 .bss           0x030043cc        0x0 e:/devkitPro/libgba/lib\libgba.a(InterruptDispatcher.o)
 .bss           0x030043cc        0x0 e:/devkitPro/libgba/lib\libgba.a(Reset.o)
 .bss           0x030043cc        0x0 e:/devkitPro/libgba/lib\libgba.a(amiga.fnt.o)
 .bss           0x030043cc        0x0 e:/devkitPro/libgba/lib\libgba.a(CpuSet.o)
 .bss           0x030043cc       0x24 e:/devkitPro/libgba/lib\libgba.a(io_cf_common.o)
                0x030043cc                cfRegisters
 .bss           0x030043f0        0x0 e:/devkitPro/libgba/lib\libgba.a(io_m3_common.o)
 .bss           0x030043f0        0x0 e:/devkitpro/devkitarm/bin/../lib/gcc/arm-eabi/4.7.0/thumb\libgcc.a(_thumb1_case_uqi.o)
 .bss           0x030043f0        0x0 e:/devkitpro/devkitarm/bin/../lib/gcc/arm-eabi/4.7.0/thumb\libgcc.a(_udivsi3.o)
 .bss           0x030043f0        0x0 e:/devkitpro/devkitarm/bin/../lib/gcc/arm-eabi/4.7.0/thumb\libgcc.a(_divsi3.o)
 .bss           0x030043f0        0x0 e:/devkitpro/devkitarm/bin/../lib/gcc/arm-eabi/4.7.0/thumb\libgcc.a(_dvmd_tls.o)
 .bss           0x030043f0        0x0 e:/devkitpro/devkitarm/bin/../lib/gcc/arm-eabi/4.7.0/thumb\libgcc.a(_muldi3.o)
 .bss           0x030043f0        0x0 e:/devkitpro/devkitarm/bin/../lib/gcc/arm-eabi/4.7.0/../../../../arm-eabi/lib/thumb\libg.a(lib_a-ctype_.o)
 .bss           0x030043f0        0x0 e:/devkitpro/devkitarm/bin/../lib/gcc/arm-eabi/4.7.0/../../../../arm-eabi/lib/thumb\libg.a(lib_a-fclose.o)
 .bss           0x030043f0        0x0 e:/devkitpro/devkitarm/bin/../lib/gcc/arm-eabi/4.7.0/../../../../arm-eabi/lib/thumb\libg.a(lib_a-fflush.o)
 .bss           0x030043f0        0x0 e:/devkitpro/devkitarm/bin/../lib/gcc/arm-eabi/4.7.0/../../../../arm-eabi/lib/thumb\libg.a(lib_a-findfp.o)
 .bss           0x030043f0        0x0 e:/devkitpro/devkitarm/bin/../lib/gcc/arm-eabi/4.7.0/../../../../arm-eabi/lib/thumb\libg.a(lib_a-fopen.o)
 .bss           0x030043f0        0x0 e:/devkitpro/devkitarm/bin/../lib/gcc/arm-eabi/4.7.0/../../../../arm-eabi/lib/thumb\libg.a(lib_a-fread.o)
 .bss           0x030043f0        0x0 e:/devkitpro/devkitarm/bin/../lib/gcc/arm-eabi/4.7.0/../../../../arm-eabi/lib/thumb\libg.a(lib_a-freer.o)
 .bss           0x030043f0        0x0 e:/devkitpro/devkitarm/bin/../lib/gcc/arm-eabi/4.7.0/../../../../arm-eabi/lib/thumb\libg.a(lib_a-freopen.o)
 .bss           0x030043f0        0x0 e:/devkitpro/devkitarm/bin/../lib/gcc/arm-eabi/4.7.0/../../../../arm-eabi/lib/thumb\libg.a(lib_a-fseek.o)
 .bss           0x030043f0        0x0 e:/devkitpro/devkitarm/bin/../lib/gcc/arm-eabi/4.7.0/../../../../arm-eabi/lib/thumb\libg.a(lib_a-ftell.o)
 .bss           0x030043f0        0x0 e:/devkitpro/devkitarm/bin/../lib/gcc/arm-eabi/4.7.0/../../../../arm-eabi/lib/thumb\libg.a(lib_a-fwalk.o)
 .bss           0x030043f0        0x0 e:/devkitpro/devkitarm/bin/../lib/gcc/arm-eabi/4.7.0/../../../../arm-eabi/lib/thumb\libg.a(lib_a-fwrite.o)
 .bss           0x030043f0        0x0 e:/devkitpro/devkitarm/bin/../lib/gcc/arm-eabi/4.7.0/../../../../arm-eabi/lib/thumb\libg.a(lib_a-impure.o)
 .bss           0x030043f0        0x0 e:/devkitpro/devkitarm/bin/../lib/gcc/arm-eabi/4.7.0/../../../../arm-eabi/lib/thumb\libg.a(lib_a-init.o)
 .bss           0x030043f0        0x0 e:/devkitpro/devkitarm/bin/../lib/gcc/arm-eabi/4.7.0/../../../../arm-eabi/lib/thumb\libg.a(lib_a-iprintf.o)
 .bss           0x030043f0      0x2b8 e:/devkitpro/devkitarm/bin/../lib/gcc/arm-eabi/4.7.0/../../../../arm-eabi/lib/thumb\libg.a(lib_a-locale.o)
                0x0300469c                _PathLocale
                0x030046a0                __mlocale_changed
                0x030046a4                __nlocale_changed
 .bss           0x030046a8        0x0 e:/devkitpro/devkitarm/bin/../lib/gcc/arm-eabi/4.7.0/../../../../arm-eabi/lib/thumb\libg.a(lib_a-makebuf.o)
 .bss           0x030046a8        0x0 e:/devkitpro/devkitarm/bin/../lib/gcc/arm-eabi/4.7.0/../../../../arm-eabi/lib/thumb\libg.a(lib_a-malloc.o)
 .bss           0x030046a8       0x34 e:/devkitpro/devkitarm/bin/../lib/gcc/arm-eabi/4.7.0/../../../../arm-eabi/lib/thumb\libg.a(lib_a-mallocr.o)
                0x030046a8                __malloc_top_pad
                0x030046ac                __malloc_current_mallinfo
                0x030046d4                __malloc_max_sbrked_mem
                0x030046d8                __malloc_max_total_mem
 .bss           0x030046dc        0x0 e:/devkitpro/devkitarm/bin/../lib/gcc/arm-eabi/4.7.0/../../../../arm-eabi/lib/thumb\libg.a(lib_a-mbrtowc.o)
 .bss           0x030046dc        0x0 e:/devkitpro/devkitarm/bin/../lib/gcc/arm-eabi/4.7.0/../../../../arm-eabi/lib/thumb\libg.a(lib_a-mbsrtowcs.o)
 .bss           0x030046dc        0x0 e:/devkitpro/devkitarm/bin/../lib/gcc/arm-eabi/4.7.0/../../../../arm-eabi/lib/thumb\libg.a(lib_a-mbtowc_r.o)
 .bss           0x030046dc        0x0 e:/devkitpro/devkitarm/bin/../lib/gcc/arm-eabi/4.7.0/../../../../arm-eabi/lib/thumb\libg.a(lib_a-memcmp.o)
 .bss           0x030046dc        0x0 e:/devkitpro/devkitarm/bin/../lib/gcc/arm-eabi/4.7.0/../../../../arm-eabi/lib/thumb\libg.a(lib_a-memcpy-stub.o)
 .bss           0x030046dc        0x0 e:/devkitpro/devkitarm/bin/../lib/gcc/arm-eabi/4.7.0/../../../../arm-eabi/lib/thumb\libg.a(lib_a-memmove.o)
 .bss           0x030046dc        0x0 e:/devkitpro/devkitarm/bin/../lib/gcc/arm-eabi/4.7.0/../../../../arm-eabi/lib/thumb\libg.a(lib_a-memset.o)
 .bss           0x030046dc        0x0 e:/devkitpro/devkitarm/bin/../lib/gcc/arm-eabi/4.7.0/../../../../arm-eabi/lib/thumb\libg.a(lib_a-mktime.o)
 .bss           0x030046dc        0x0 e:/devkitpro/devkitarm/bin/../lib/gcc/arm-eabi/4.7.0/../../../../arm-eabi/lib/thumb\libg.a(lib_a-mktm_r.o)
 .bss           0x030046dc        0x0 e:/devkitpro/devkitarm/bin/../lib/gcc/arm-eabi/4.7.0/../../../../arm-eabi/lib/thumb\libg.a(lib_a-mlock.o)
 .bss           0x030046dc        0x0 e:/devkitpro/devkitarm/bin/../lib/gcc/arm-eabi/4.7.0/../../../../arm-eabi/lib/thumb\libg.a(lib_a-puts.o)
 .bss           0x030046dc        0x0 e:/devkitpro/devkitarm/bin/../lib/gcc/arm-eabi/4.7.0/../../../../arm-eabi/lib/thumb\libg.a(lib_a-qsort.o)
 .bss           0x030046dc        0x0 e:/devkitpro/devkitarm/bin/../lib/gcc/arm-eabi/4.7.0/../../../../arm-eabi/lib/thumb\libg.a(lib_a-refill.o)
 .bss           0x030046dc        0x0 e:/devkitpro/devkitarm/bin/../lib/gcc/arm-eabi/4.7.0/../../../../arm-eabi/lib/thumb\libg.a(lib_a-remove.o)
 .bss           0x030046dc        0x0 e:/devkitpro/devkitarm/bin/../lib/gcc/arm-eabi/4.7.0/../../../../arm-eabi/lib/thumb\libg.a(lib_a-setvbuf.o)
 .bss           0x030046dc        0x0 e:/devkitpro/devkitarm/bin/../lib/gcc/arm-eabi/4.7.0/../../../../arm-eabi/lib/thumb\libg.a(lib_a-siscanf.o)
 .bss           0x030046dc        0x0 e:/devkitpro/devkitarm/bin/../lib/gcc/arm-eabi/4.7.0/../../../../arm-eabi/lib/thumb\libg.a(lib_a-sprintf.o)
 .bss           0x030046dc        0x0 e:/devkitpro/devkitarm/bin/../lib/gcc/arm-eabi/4.7.0/../../../../arm-eabi/lib/thumb\libg.a(lib_a-stdio.o)
 .bss           0x030046dc        0x0 e:/devkitpro/devkitarm/bin/../lib/gcc/arm-eabi/4.7.0/../../../../arm-eabi/lib/thumb\libg.a(lib_a-stpcpy.o)
 .bss           0x030046dc        0x0 e:/devkitpro/devkitarm/bin/../lib/gcc/arm-eabi/4.7.0/../../../../arm-eabi/lib/thumb\libg.a(lib_a-strcasecmp.o)
 .bss           0x030046dc        0x0 e:/devkitpro/devkitarm/bin/../lib/gcc/arm-eabi/4.7.0/../../../../arm-eabi/lib/thumb\libg.a(lib_a-strcat.o)
 .bss           0x030046dc        0x0 e:/devkitpro/devkitarm/bin/../lib/gcc/arm-eabi/4.7.0/../../../../arm-eabi/lib/thumb\libg.a(lib_a-strchr.o)
 .bss           0x030046dc        0x0 e:/devkitpro/devkitarm/bin/../lib/gcc/arm-eabi/4.7.0/../../../../arm-eabi/lib/thumb\libg.a(lib_a-strcmp.o)
 .bss           0x030046dc        0x0 e:/devkitpro/devkitarm/bin/../lib/gcc/arm-eabi/4.7.0/../../../../arm-eabi/lib/thumb\libg.a(lib_a-strcpy.o)
 .bss           0x030046dc        0x0 e:/devkitpro/devkitarm/bin/../lib/gcc/arm-eabi/4.7.0/../../../../arm-eabi/lib/thumb\libg.a(lib_a-strlcpy.o)
 .bss           0x030046dc        0x0 e:/devkitpro/devkitarm/bin/../lib/gcc/arm-eabi/4.7.0/../../../../arm-eabi/lib/thumb\libg.a(lib_a-strlen.o)
 .bss           0x030046dc        0x0 e:/devkitpro/devkitarm/bin/../lib/gcc/arm-eabi/4.7.0/../../../../arm-eabi/lib/thumb\libg.a(lib_a-strncasecmp.o)
 .bss           0x030046dc        0x0 e:/devkitpro/devkitarm/bin/../lib/gcc/arm-eabi/4.7.0/../../../../arm-eabi/lib/thumb\libg.a(lib_a-strncmp.o)
 .bss           0x030046dc        0x0 e:/devkitpro/devkitarm/bin/../lib/gcc/arm-eabi/4.7.0/../../../../arm-eabi/lib/thumb\libg.a(lib_a-strncpy.o)
 .bss           0x030046dc        0x0 e:/devkitpro/devkitarm/bin/../lib/gcc/arm-eabi/4.7.0/../../../../arm-eabi/lib/thumb\libg.a(lib_a-strnlen.o)
 .bss           0x030046dc        0x0 e:/devkitpro/devkitarm/bin/../lib/gcc/arm-eabi/4.7.0/../../../../arm-eabi/lib/thumb\libg.a(lib_a-strpbrk.o)
 .bss           0x030046dc        0x0 e:/devkitpro/devkitarm/bin/../lib/gcc/arm-eabi/4.7.0/../../../../arm-eabi/lib/thumb\libg.a(lib_a-strrchr.o)
 .bss           0x030046dc        0x0 e:/devkitpro/devkitarm/bin/../lib/gcc/arm-eabi/4.7.0/../../../../arm-eabi/lib/thumb\libg.a(lib_a-strtol.o)
 .bss           0x030046dc        0x0 e:/devkitpro/devkitarm/bin/../lib/gcc/arm-eabi/4.7.0/../../../../arm-eabi/lib/thumb\libg.a(lib_a-svfiscanf.o)
 .bss           0x030046dc        0x0 e:/devkitpro/devkitarm/bin/../lib/gcc/arm-eabi/4.7.0/../../../../arm-eabi/lib/thumb\libg.a(lib_a-svfprintf.o)
 .bss           0x030046dc        0x0 e:/devkitpro/devkitarm/bin/../lib/gcc/arm-eabi/4.7.0/../../../../arm-eabi/lib/thumb\libg.a(lib_a-towlower.o)
 .bss           0x030046dc        0x0 e:/devkitpro/devkitarm/bin/../lib/gcc/arm-eabi/4.7.0/../../../../arm-eabi/lib/thumb\libg.a(lib_a-towupper.o)
 .bss           0x030046dc        0x0 e:/devkitpro/devkitarm/bin/../lib/gcc/arm-eabi/4.7.0/../../../../arm-eabi/lib/thumb\libg.a(lib_a-tzlock.o)
 .bss           0x030046dc        0x8 e:/devkitpro/devkitarm/bin/../lib/gcc/arm-eabi/4.7.0/../../../../arm-eabi/lib/thumb\libg.a(lib_a-tzvars.o)
                0x030046dc                _timezone
                0x030046e0                _daylight
 .bss           0x030046e4        0x0 e:/devkitpro/devkitarm/bin/../lib/gcc/arm-eabi/4.7.0/../../../../arm-eabi/lib/thumb\libg.a(lib_a-ungetc.o)
 .bss           0x030046e4        0x0 e:/devkitpro/devkitarm/bin/../lib/gcc/arm-eabi/4.7.0/../../../../arm-eabi/lib/thumb\libg.a(lib_a-vfiprintf.o)
 .bss           0x030046e4        0x0 e:/devkitpro/devkitarm/bin/../lib/gcc/arm-eabi/4.7.0/../../../../arm-eabi/lib/thumb\libg.a(lib_a-wcrtomb.o)
 .bss           0x030046e4        0x0 e:/devkitpro/devkitarm/bin/../lib/gcc/arm-eabi/4.7.0/../../../../arm-eabi/lib/thumb\libg.a(lib_a-wcsrtombs.o)
 .bss           0x030046e4        0x0 e:/devkitpro/devkitarm/bin/../lib/gcc/arm-eabi/4.7.0/../../../../arm-eabi/lib/thumb\libg.a(lib_a-wctob.o)
 .bss           0x030046e4        0x0 e:/devkitpro/devkitarm/bin/../lib/gcc/arm-eabi/4.7.0/../../../../arm-eabi/lib/thumb\libg.a(lib_a-wctomb_r.o)
 .bss           0x030046e4        0x0 e:/devkitpro/devkitarm/bin/../lib/gcc/arm-eabi/4.7.0/../../../../arm-eabi/lib/thumb\libg.a(lib_a-wsetup.o)
 .bss           0x030046e4        0x0 e:/devkitpro/devkitarm/bin/../lib/gcc/arm-eabi/4.7.0/../../../../arm-eabi/lib/thumb\libg.a(lib_a-div.o)
 .bss           0x030046e4        0x0 e:/devkitpro/devkitarm/bin/../lib/gcc/arm-eabi/4.7.0/../../../../arm-eabi/lib/thumb\libg.a(lib_a-dtoa.o)
 .bss           0x030046e4        0x0 e:/devkitpro/devkitarm/bin/../lib/gcc/arm-eabi/4.7.0/../../../../arm-eabi/lib/thumb\libg.a(lib_a-flags.o)
 .bss           0x030046e4        0x0 e:/devkitpro/devkitarm/bin/../lib/gcc/arm-eabi/4.7.0/../../../../arm-eabi/lib/thumb\libg.a(lib_a-fputwc.o)
 .bss           0x030046e4        0x0 e:/devkitpro/devkitarm/bin/../lib/gcc/arm-eabi/4.7.0/../../../../arm-eabi/lib/thumb\libg.a(lib_a-fvwrite.o)
 .bss           0x030046e4        0x0 e:/devkitpro/devkitarm/bin/../lib/gcc/arm-eabi/4.7.0/../../../../arm-eabi/lib/thumb\libg.a(lib_a-getenv_r.o)
 .bss           0x030046e4        0x0 e:/devkitpro/devkitarm/bin/../lib/gcc/arm-eabi/4.7.0/../../../../arm-eabi/lib/thumb\libg.a(lib_a-gettzinfo.o)
 .bss           0x030046e4        0x0 e:/devkitpro/devkitarm/bin/../lib/gcc/arm-eabi/4.7.0/../../../../arm-eabi/lib/thumb\libg.a(lib_a-iswspace.o)
 .bss           0x030046e4        0x0 e:/devkitpro/devkitarm/bin/../lib/gcc/arm-eabi/4.7.0/../../../../arm-eabi/lib/thumb\libg.a(lib_a-jp2uc.o)
 .bss           0x030046e4        0x0 e:/devkitpro/devkitarm/bin/../lib/gcc/arm-eabi/4.7.0/../../../../arm-eabi/lib/thumb\libg.a(lib_a-mbsnrtowcs.o)
 .bss           0x030046e4        0x0 e:/devkitpro/devkitarm/bin/../lib/gcc/arm-eabi/4.7.0/../../../../arm-eabi/lib/thumb\libg.a(lib_a-memchr-stub.o)
 .bss           0x030046e4        0x0 e:/devkitpro/devkitarm/bin/../lib/gcc/arm-eabi/4.7.0/../../../../arm-eabi/lib/thumb\libg.a(lib_a-mprec.o)
 .bss           0x030046e4        0x0 e:/devkitpro/devkitarm/bin/../lib/gcc/arm-eabi/4.7.0/../../../../arm-eabi/lib/thumb\libg.a(lib_a-reallocr.o)
 .bss           0x030046e4        0x0 e:/devkitpro/devkitarm/bin/../lib/gcc/arm-eabi/4.7.0/../../../../arm-eabi/lib/thumb\libg.a(lib_a-sccl.o)
 .bss           0x030046e4        0x0 e:/devkitpro/devkitarm/bin/../lib/gcc/arm-eabi/4.7.0/../../../../arm-eabi/lib/thumb\libg.a(lib_a-s_fpclassify.o)
 .bss           0x030046e4        0x0 e:/devkitpro/devkitarm/bin/../lib/gcc/arm-eabi/4.7.0/../../../../arm-eabi/lib/thumb\libg.a(lib_a-strtoll_r.o)
 .bss           0x030046e4        0x0 e:/devkitpro/devkitarm/bin/../lib/gcc/arm-eabi/4.7.0/../../../../arm-eabi/lib/thumb\libg.a(lib_a-strtoull_r.o)
 .bss           0x030046e4        0x0 e:/devkitpro/devkitarm/bin/../lib/gcc/arm-eabi/4.7.0/../../../../arm-eabi/lib/thumb\libg.a(lib_a-strtoul.o)
 .bss           0x030046e4        0x0 e:/devkitpro/devkitarm/bin/../lib/gcc/arm-eabi/4.7.0/../../../../arm-eabi/lib/thumb\libg.a(lib_a-svfiprintf.o)
 .bss           0x030046e4        0x0 e:/devkitpro/devkitarm/bin/../lib/gcc/arm-eabi/4.7.0/../../../../arm-eabi/lib/thumb\libg.a(lib_a-wbuf.o)
 .bss           0x030046e4        0x0 e:/devkitpro/devkitarm/bin/../lib/gcc/arm-eabi/4.7.0/../../../../arm-eabi/lib/thumb\libg.a(lib_a-wcsnrtombs.o)
 .bss           0x030046e4        0x0 e:/devkitpro/devkitarm/bin/../lib/gcc/arm-eabi/4.7.0/../../../../arm-eabi/lib/thumb\libg.a(lib_a-callocr.o)
 .bss           0x030046e4        0x4 e:/devkitpro/devkitarm/bin/../lib/gcc/arm-eabi/4.7.0/../../../../arm-eabi/lib/thumb\libg.a(lib_a-environ.o)
 .bss           0x030046e8        0x0 e:/devkitpro/devkitarm/bin/../lib/gcc/arm-eabi/4.7.0/../../../../arm-eabi/lib/thumb\libg.a(lib_a-envlock.o)
 .bss           0x030046e8        0x0 e:/devkitpro/devkitarm/bin/../lib/gcc/arm-eabi/4.7.0/../../../../arm-eabi/lib/thumb\libsysbase.a(iosupport.o)
 .bss           0x030046e8        0x0 e:/devkitpro/devkitarm/bin/../lib/gcc/arm-eabi/4.7.0/../../../../arm-eabi/lib/thumb\libsysbase.a(close.o)
 .bss           0x030046e8        0x0 e:/devkitpro/devkitarm/bin/../lib/gcc/arm-eabi/4.7.0/../../../../arm-eabi/lib/thumb\libsysbase.a(fstat.o)
 .bss           0x030046e8        0x0 e:/devkitpro/devkitarm/bin/../lib/gcc/arm-eabi/4.7.0/../../../../arm-eabi/lib/thumb\libsysbase.a(isatty.o)
 .bss           0x030046e8        0x0 e:/devkitpro/devkitarm/bin/../lib/gcc/arm-eabi/4.7.0/../../../../arm-eabi/lib/thumb\libsysbase.a(lseek.o)
 .bss           0x030046e8        0x0 e:/devkitpro/devkitarm/bin/../lib/gcc/arm-eabi/4.7.0/../../../../arm-eabi/lib/thumb\libsysbase.a(open.o)
 .bss           0x030046e8        0x0 e:/devkitpro/devkitarm/bin/../lib/gcc/arm-eabi/4.7.0/../../../../arm-eabi/lib/thumb\libsysbase.a(read.o)
 .bss           0x030046e8        0x4 e:/devkitpro/devkitarm/bin/../lib/gcc/arm-eabi/4.7.0/../../../../arm-eabi/lib/thumb\libsysbase.a(sbrk.o)
 .bss           0x030046ec        0x0 e:/devkitpro/devkitarm/bin/../lib/gcc/arm-eabi/4.7.0/../../../../arm-eabi/lib/thumb\libsysbase.a(unlink.o)
 .bss           0x030046ec        0x0 e:/devkitpro/devkitarm/bin/../lib/gcc/arm-eabi/4.7.0/../../../../arm-eabi/lib/thumb\libsysbase.a(write.o)
 .bss           0x030046ec        0x8 e:/devkitpro/devkitarm/bin/../lib/gcc/arm-eabi/4.7.0/../../../../arm-eabi/lib/thumb\libsysbase.a(malloc_vars.o)
                0x030046ec                fake_heap_start
                0x030046f0                fake_heap_end
 .bss           0x030046f4        0x0 e:/devkitpro/devkitarm/bin/../lib/gcc/arm-eabi/4.7.0/../../../../arm-eabi/lib/thumb\libsysbase.a(chdir.o)
 .bss           0x030046f4     0x1000 e:/devkitpro/devkitarm/bin/../lib/gcc/arm-eabi/4.7.0/../../../../arm-eabi/lib/thumb\libsysbase.a(handle_manager.o)
 .bss           0x030056f4        0x0 e:/devkitpro/devkitarm/bin/../lib/gcc/arm-eabi/4.7.0/../../../../arm-eabi/lib/thumb\libsysbase.a(dirent.o)
 .bss           0x030056f4        0x0 e:/devkitpro/devkitarm/bin/../lib/gcc/arm-eabi/4.7.0/thumb\libgcc.a(_arm_addsubdf3.o)
 .bss           0x030056f4        0x0 e:/devkitpro/devkitarm/bin/../lib/gcc/arm-eabi/4.7.0/thumb\libgcc.a(_arm_muldivdf3.o)
 .bss           0x030056f4        0x0 e:/devkitpro/devkitarm/bin/../lib/gcc/arm-eabi/4.7.0/thumb\libgcc.a(_arm_cmpdf2.o)
 .bss           0x030056f4        0x0 e:/devkitpro/devkitarm/bin/../lib/gcc/arm-eabi/4.7.0/thumb\libgcc.a(_arm_fixdfsi.o)
 .bss           0x030056f4        0x0 e:/devkitpro/devkitarm/bin/../lib/gcc/arm-eabi/4.7.0/thumb\libgcc.a(_aeabi_uldivmod.o)
 .bss           0x030056f4        0x0 e:/devkitpro/devkitarm/bin/../lib/gcc/arm-eabi/4.7.0/thumb\libgcc.a(bpabi.o)
 .bss           0x030056f4        0x0 e:/devkitpro/devkitarm/bin/../lib/gcc/arm-eabi/4.7.0/thumb\libgcc.a(_divdi3.o)
 .bss           0x030056f4        0x0 e:/devkitpro/devkitarm/bin/../lib/gcc/arm-eabi/4.7.0/thumb\libgcc.a(_udivdi3.o)
 .bss           0x030056f4        0x0 e:/devkitpro/devkitarm/bin/../lib/gcc/arm-eabi/4.7.0/thumb\libgcc.a(unwind-arm.o)
 .bss           0x030056f4        0x0 e:/devkitpro/devkitarm/bin/../lib/gcc/arm-eabi/4.7.0/thumb\libgcc.a(libunwind.o)
 .bss           0x030056f4        0x0 e:/devkitpro/devkitarm/bin/../lib/gcc/arm-eabi/4.7.0/thumb\libgcc.a(pr-support.o)
 .bss           0x030056f4        0x0 e:/devkitpro/devkitarm/bin/../lib/gcc/arm-eabi/4.7.0/thumb\libgcc.a(_clzsi2.o)
 .bss           0x030056f4        0x0 e:/devkitpro/devkitarm/bin/../lib/gcc/arm-eabi/4.7.0/../../../../arm-eabi/lib/thumb\libg.a(lib_a-abort.o)
 .bss           0x030056f4        0x0 e:/devkitpro/devkitarm/bin/../lib/gcc/arm-eabi/4.7.0/../../../../arm-eabi/lib/thumb\libg.a(lib_a-errno.o)
 .bss           0x030056f4        0x0 e:/devkitpro/devkitarm/bin/../lib/gcc/arm-eabi/4.7.0/../../../../arm-eabi/lib/thumb\libg.a(lib_a-signal.o)
 .bss           0x030056f4        0x0 e:/devkitpro/devkitarm/bin/../lib/gcc/arm-eabi/4.7.0/../../../../arm-eabi/lib/thumb\libsysbase.a(getpid.o)
 .bss           0x030056f4        0x0 e:/devkitpro/devkitarm/bin/../lib/gcc/arm-eabi/4.7.0/../../../../arm-eabi/lib/thumb\libsysbase.a(kill.o)
 .bss           0x030056f4        0x0 e:/devkitpro/devkitarm/bin/../lib/gcc/arm-eabi/4.7.0/../../../../arm-eabi/lib/thumb\libsysbase.a(_exit.o)
 .bss           0x030056f4        0x8 e:/devkitpro/devkitarm/bin/../lib/gcc/arm-eabi/4.7.0/../../../../arm-eabi/lib/thumb\libsysbase.a(syscall_support.o)
                0x030056f4                __syscalls
 .bss           0x030056fc        0x0 e:/devkitpro/devkitarm/bin/../lib/gcc/arm-eabi/4.7.0/thumb/crtend.o
 .bss           0x030056fc        0x0 e:/devkitpro/devkitarm/bin/../lib/gcc/arm-eabi/4.7.0/thumb/crtn.o
 *(COMMON)
 COMMON         0x030056fc        0x4 Save.o
                0x030056fc                romSize
 COMMON         0x03005700        0x4 main.o
                0x03005700                pressed
 COMMON         0x03005704        0x1 my_io_scsd.o
                0x03005704                isSDHC
 *fill*         0x03005705        0x3 00
 COMMON         0x03005708       0x78 e:/devkitPro/libgba/lib\libgba.a(interrupt.o)
                0x03005708                IntrTable
                0x03005780                . = ALIGN (0x4)
                0x03005780                __bss_end__ = ABSOLUTE (.)

.data           0x03005780      0xf84 load address 0x02024390
                0x03005780                __data_start__ = ABSOLUTE (.)
 *(.data)
 .data          0x03005780        0x0 e:/devkitpro/devkitarm/bin/../lib/gcc/arm-eabi/4.7.0/../../../../arm-eabi/lib/thumb/gba_crt0.o
 .data          0x03005780        0x0 e:/devkitpro/devkitarm/bin/../lib/gcc/arm-eabi/4.7.0/thumb/crti.o
 .data          0x03005780        0x4 e:/devkitpro/devkitarm/bin/../lib/gcc/arm-eabi/4.7.0/thumb/crtbegin.o
                0x03005780                __dso_handle
 .data          0x03005784        0x0 EepromSave.o
 .data          0x03005784        0x0 FlashSave.o
 .data          0x03005784        0x0 Save.o
 .data          0x03005784       0x20 WhiteScreenPatch.o
                0x03005784                prefetchPatch
 .data          0x030057a4        0x0 find_common.o
 .data          0x030057a4       0xc4 irq_hook.o
                0x030057a4                irq_hook_bin_len
                0x030057a8                irq_hook_bin
 .data          0x03005868       0x3c main.o
                0x03005868                settings
                0x03005888                savingAllowed
                0x0300588c                filters
                0x03005898                sorts
 .data          0x030058a4        0x0 my_io_sc_common.o
 .data          0x030058a4        0x0 my_io_scsd.o
 .data          0x030058a4        0x0 my_io_sd_common.o
 .data          0x030058a4        0x0 overclock_ewram.o
 .data          0x030058a4        0x0 my_io_scsd_s.o
 .data          0x030058a4        0x0 e:/devkitPro/libgba/lib\libfat.a(libfat.o)
 .data          0x030058a4        0x0 e:/devkitPro/libgba/lib\libfat.a(partition.o)
 .data          0x030058a4        0x0 e:/devkitPro/libgba/lib\libfat.a(cache.o)
 .data          0x030058a4        0x0 e:/devkitPro/libgba/lib\libfat.a(directory.o)
 .data          0x030058a4        0x0 e:/devkitPro/libgba/lib\libfat.a(disc.o)
 .data          0x030058a4        0x0 e:/devkitPro/libgba/lib\libfat.a(fatdir.o)
 .data          0x030058a4        0x0 e:/devkitPro/libgba/lib\libfat.a(fatfile.o)
 .data          0x030058a4        0x0 e:/devkitPro/libgba/lib\libfat.a(file_allocation_table.o)
 .data          0x030058a4        0x0 e:/devkitPro/libgba/lib\libfat.a(filetime.o)
 .data          0x030058a4        0x0 e:/devkitPro/libgba/lib\libfat.a(lock.o)
 .data          0x030058a4        0x0 e:/devkitPro/libgba/lib\libgba.a(console.o)
 .data          0x030058a4        0x3 e:/devkitPro/libgba/lib\libgba.a(input.o)
 .data          0x030058a7        0x0 e:/devkitPro/libgba/lib\libgba.a(interrupt.o)
 .data          0x030058a7        0x0 e:/devkitPro/libgba/lib\libgba.a(disc.o)
 .data          0x030058a7        0x0 e:/devkitPro/libgba/lib\libgba.a(io_m3cf.o)
 .data          0x030058a7        0x0 e:/devkitPro/libgba/lib\libgba.a(io_m3sd.o)
 .data          0x030058a7        0x0 e:/devkitPro/libgba/lib\libgba.a(io_mpcf.o)
 .data          0x030058a7        0x0 e:/devkitPro/libgba/lib\libgba.a(io_sccf.o)
 .data          0x030058a7        0x0 e:/devkitPro/libgba/lib\libgba.a(io_scsd.o)
 .data          0x030058a7        0x0 e:/devkitPro/libgba/lib\libgba.a(io_sd_common.o)
 .data          0x030058a7        0x0 e:/devkitPro/libgba/lib\libgba.a(InterruptDispatcher.o)
 .data          0x030058a7        0x0 e:/devkitPro/libgba/lib\libgba.a(Reset.o)
 .data          0x030058a7        0x0 e:/devkitPro/libgba/lib\libgba.a(amiga.fnt.o)
 .data          0x030058a7        0x0 e:/devkitPro/libgba/lib\libgba.a(CpuSet.o)
 .data          0x030058a7        0x0 e:/devkitPro/libgba/lib\libgba.a(io_cf_common.o)
 .data          0x030058a7        0x0 e:/devkitPro/libgba/lib\libgba.a(io_m3_common.o)
 .data          0x030058a7        0x0 e:/devkitpro/devkitarm/bin/../lib/gcc/arm-eabi/4.7.0/thumb\libgcc.a(_thumb1_case_uqi.o)
 .data          0x030058a7        0x0 e:/devkitpro/devkitarm/bin/../lib/gcc/arm-eabi/4.7.0/thumb\libgcc.a(_udivsi3.o)
 .data          0x030058a7        0x0 e:/devkitpro/devkitarm/bin/../lib/gcc/arm-eabi/4.7.0/thumb\libgcc.a(_divsi3.o)
 .data          0x030058a7        0x0 e:/devkitpro/devkitarm/bin/../lib/gcc/arm-eabi/4.7.0/thumb\libgcc.a(_dvmd_tls.o)
 .data          0x030058a7        0x0 e:/devkitpro/devkitarm/bin/../lib/gcc/arm-eabi/4.7.0/thumb\libgcc.a(_muldi3.o)
 *fill*         0x030058a7        0x1 ff
 .data          0x030058a8        0x4 e:/devkitpro/devkitarm/bin/../lib/gcc/arm-eabi/4.7.0/../../../../arm-eabi/lib/thumb\libg.a(lib_a-ctype_.o)
                0x030058a8                __ctype_ptr__
 .data          0x030058ac        0x0 e:/devkitpro/devkitarm/bin/../lib/gcc/arm-eabi/4.7.0/../../../../arm-eabi/lib/thumb\libg.a(lib_a-fclose.o)
 .data          0x030058ac        0x0 e:/devkitpro/devkitarm/bin/../lib/gcc/arm-eabi/4.7.0/../../../../arm-eabi/lib/thumb\libg.a(lib_a-fflush.o)
 .data          0x030058ac        0x0 e:/devkitpro/devkitarm/bin/../lib/gcc/arm-eabi/4.7.0/../../../../arm-eabi/lib/thumb\libg.a(lib_a-findfp.o)
 .data          0x030058ac        0x0 e:/devkitpro/devkitarm/bin/../lib/gcc/arm-eabi/4.7.0/../../../../arm-eabi/lib/thumb\libg.a(lib_a-fopen.o)
 .data          0x030058ac        0x0 e:/devkitpro/devkitarm/bin/../lib/gcc/arm-eabi/4.7.0/../../../../arm-eabi/lib/thumb\libg.a(lib_a-fread.o)
 .data          0x030058ac        0x0 e:/devkitpro/devkitarm/bin/../lib/gcc/arm-eabi/4.7.0/../../../../arm-eabi/lib/thumb\libg.a(lib_a-freer.o)
 .data          0x030058ac        0x0 e:/devkitpro/devkitarm/bin/../lib/gcc/arm-eabi/4.7.0/../../../../arm-eabi/lib/thumb\libg.a(lib_a-freopen.o)
 .data          0x030058ac        0x0 e:/devkitpro/devkitarm/bin/../lib/gcc/arm-eabi/4.7.0/../../../../arm-eabi/lib/thumb\libg.a(lib_a-fseek.o)
 .data          0x030058ac        0x0 e:/devkitpro/devkitarm/bin/../lib/gcc/arm-eabi/4.7.0/../../../../arm-eabi/lib/thumb\libg.a(lib_a-ftell.o)
 .data          0x030058ac        0x0 e:/devkitpro/devkitarm/bin/../lib/gcc/arm-eabi/4.7.0/../../../../arm-eabi/lib/thumb\libg.a(lib_a-fwalk.o)
 .data          0x030058ac        0x0 e:/devkitpro/devkitarm/bin/../lib/gcc/arm-eabi/4.7.0/../../../../arm-eabi/lib/thumb\libg.a(lib_a-fwrite.o)
 *fill*         0x030058ac        0x4 ff
 .data          0x030058b0      0x430 e:/devkitpro/devkitarm/bin/../lib/gcc/arm-eabi/4.7.0/../../../../arm-eabi/lib/thumb\libg.a(lib_a-impure.o)
                0x030058b0                _impure_ptr
 .data          0x03005ce0        0x0 e:/devkitpro/devkitarm/bin/../lib/gcc/arm-eabi/4.7.0/../../../../arm-eabi/lib/thumb\libg.a(lib_a-init.o)
 .data          0x03005ce0        0x0 e:/devkitpro/devkitarm/bin/../lib/gcc/arm-eabi/4.7.0/../../../../arm-eabi/lib/thumb\libg.a(lib_a-iprintf.o)
 .data          0x03005ce0      0x17c e:/devkitpro/devkitarm/bin/../lib/gcc/arm-eabi/4.7.0/../../../../arm-eabi/lib/thumb\libg.a(lib_a-locale.o)
                0x03005ce0                __default_locale
                0x03005e00                __mb_cur_max
 .data          0x03005e5c        0x0 e:/devkitpro/devkitarm/bin/../lib/gcc/arm-eabi/4.7.0/../../../../arm-eabi/lib/thumb\libg.a(lib_a-makebuf.o)
 .data          0x03005e5c        0x0 e:/devkitpro/devkitarm/bin/../lib/gcc/arm-eabi/4.7.0/../../../../arm-eabi/lib/thumb\libg.a(lib_a-malloc.o)
 .data          0x03005e5c      0x410 e:/devkitpro/devkitarm/bin/../lib/gcc/arm-eabi/4.7.0/../../../../arm-eabi/lib/thumb\libg.a(lib_a-mallocr.o)
                0x03005e5c                __malloc_av_
                0x03006264                __malloc_sbrk_base
                0x03006268                __malloc_trim_threshold
 .data          0x0300626c        0x0 e:/devkitpro/devkitarm/bin/../lib/gcc/arm-eabi/4.7.0/../../../../arm-eabi/lib/thumb\libg.a(lib_a-mbrtowc.o)
 .data          0x0300626c        0x0 e:/devkitpro/devkitarm/bin/../lib/gcc/arm-eabi/4.7.0/../../../../arm-eabi/lib/thumb\libg.a(lib_a-mbsrtowcs.o)
 .data          0x0300626c        0x4 e:/devkitpro/devkitarm/bin/../lib/gcc/arm-eabi/4.7.0/../../../../arm-eabi/lib/thumb\libg.a(lib_a-mbtowc_r.o)
                0x0300626c                __mbtowc